	.text
	.syntax unified
	.eabi_attribute	67, "2.09"	@ Tag_conformance
	.cpu	cortex-m4
	.eabi_attribute	6, 13	@ Tag_CPU_arch
	.eabi_attribute	7, 77	@ Tag_CPU_arch_profile
	.eabi_attribute	8, 0	@ Tag_ARM_ISA_use
	.eabi_attribute	9, 2	@ Tag_THUMB_ISA_use
	.fpu	fpv4-sp-d16
	.eabi_attribute	27, 1	@ Tag_ABI_HardFP_use
	.eabi_attribute	36, 1	@ Tag_FP_HP_extension
	.eabi_attribute	34, 0	@ Tag_CPU_unaligned_access
	.eabi_attribute	17, 1	@ Tag_ABI_PCS_GOT_use
	.eabi_attribute	20, 2	@ Tag_ABI_FP_denormal
	.eabi_attribute	21, 0	@ Tag_ABI_FP_exceptions
	.eabi_attribute	23, 1	@ Tag_ABI_FP_number_model
	.eabi_attribute	24, 1	@ Tag_ABI_align_needed
	.eabi_attribute	25, 1	@ Tag_ABI_align_preserved
	.eabi_attribute	28, 1	@ Tag_ABI_VFP_args
	.eabi_attribute	38, 1	@ Tag_ABI_FP_16bit_format
	.eabi_attribute	18, 2	@ Tag_ABI_PCS_wchar_t
	.eabi_attribute	26, 1	@ Tag_ABI_enum_size
	.eabi_attribute	14, 0	@ Tag_ABI_PCS_R9_use
	.file	"arm_common_tables.c"
	.file	1 "D:\\ikingtec\\Robot\\ODrive\\Firmware\\MDK-ARM" "../ThirdParty/CMSIS/Src/arm_common_tables.c"
	.hidden	sinTable_f32                    @ @sinTable_f32
	.type	sinTable_f32,%object
	.section	.rodata.sinTable_f32,"a",%progbits
	.globl	sinTable_f32
	.p2align	2, 0x0
sinTable_f32:
	.long	0x00000000                      @ float 0
	.long	0x3c490e92                      @ float 0.0122715402
	.long	0x3cc90ab1                      @ float 0.0245412309
	.long	0x3d16c32b                      @ float 0.0368072204
	.long	0x3d48fb2e                      @ float 0.0490676686
	.long	0x3d7b2b75                      @ float 0.0613207407
	.long	0x3d96a904                      @ float 0.0735645592
	.long	0x3dafb680                      @ float 0.0857973099
	.long	0x3dc8bd36                      @ float 0.0980171412
	.long	0x3de1bc2f                      @ float 0.110222213
	.long	0x3dfab273                      @ float 0.122410677
	.long	0x3e09cf87                      @ float 0.134580716
	.long	0x3e164083                      @ float 0.146730468
	.long	0x3e22abb5                      @ float 0.158858135
	.long	0x3e2f10a2                      @ float 0.170961887
	.long	0x3e3b6ecf                      @ float 0.183039889
	.long	0x3e47c5c2                      @ float 0.195090324
	.long	0x3e541501                      @ float 0.207111374
	.long	0x3e605c13                      @ float 0.219101235
	.long	0x3e6c9a7f                      @ float 0.231058106
	.long	0x3e78cfcc                      @ float 0.242980182
	.long	0x3e827dc0                      @ float 0.254865646
	.long	0x3e888e93                      @ float 0.266712755
	.long	0x3e8e9a22                      @ float 0.27851969
	.long	0x3e94a032                      @ float 0.290284693
	.long	0x3e9aa086                      @ float 0.302005947
	.long	0x3ea09ae5                      @ float 0.313681751
	.long	0x3ea68f12                      @ float 0.32531029
	.long	0x3eac7cd4                      @ float 0.336889863
	.long	0x3eb263ef                      @ float 0.348418683
	.long	0x3eb8442a                      @ float 0.359895051
	.long	0x3ebe1d49                      @ float 0.371317178
	.long	0x3ec3ef15                      @ float 0.382683426
	.long	0x3ec9b953                      @ float 0.393992037
	.long	0x3ecf7bca                      @ float 0.405241311
	.long	0x3ed53641                      @ float 0.416429549
	.long	0x3edae880                      @ float 0.427555084
	.long	0x3ee0924f                      @ float 0.438616246
	.long	0x3ee63375                      @ float 0.449611336
	.long	0x3eebcbbb                      @ float 0.460538715
	.long	0x3ef15aea                      @ float 0.471396744
	.long	0x3ef6e0cb                      @ float 0.482183784
	.long	0x3efc5d27                      @ float 0.492898196
	.long	0x3f00e7e4                      @ float 0.50353837
	.long	0x3f039c3d                      @ float 0.514102757
	.long	0x3f064b82                      @ float 0.524589658
	.long	0x3f08f59b                      @ float 0.534997642
	.long	0x3f0b9a6b                      @ float 0.545324981
	.long	0x3f0e39da                      @ float 0.555570245
	.long	0x3f10d3cd                      @ float 0.565731823
	.long	0x3f13682a                      @ float 0.575808167
	.long	0x3f15f6d9                      @ float 0.585797846
	.long	0x3f187fc0                      @ float 0.59569931
	.long	0x3f1b02c6                      @ float 0.605511069
	.long	0x3f1d7fd1                      @ float 0.615231573
	.long	0x3f1ff6cb                      @ float 0.624859511
	.long	0x3f226799                      @ float 0.634393274
	.long	0x3f24d225                      @ float 0.643831551
	.long	0x3f273656                      @ float 0.653172851
	.long	0x3f299415                      @ float 0.662415802
	.long	0x3f2beb4a                      @ float 0.671558976
	.long	0x3f2e3bde                      @ float 0.680601001
	.long	0x3f3085bb                      @ float 0.689540565
	.long	0x3f32c8c9                      @ float 0.698376238
	.long	0x3f3504f3                      @ float 0.707106769
	.long	0x3f373a23                      @ float 0.715730845
	.long	0x3f396842                      @ float 0.724247098
	.long	0x3f3b8f3b                      @ float 0.732654273
	.long	0x3f3daef9                      @ float 0.74095112
	.long	0x3f3fc767                      @ float 0.749136388
	.long	0x3f41d870                      @ float 0.757208824
	.long	0x3f43e201                      @ float 0.765167295
	.long	0x3f45e403                      @ float 0.773010432
	.long	0x3f47de65                      @ float 0.780737221
	.long	0x3f49d112                      @ float 0.788346409
	.long	0x3f4bbbf8                      @ float 0.795836925
	.long	0x3f4d9f02                      @ float 0.803207516
	.long	0x3f4f7a20                      @ float 0.81045723
	.long	0x3f514d3d                      @ float 0.817584812
	.long	0x3f531849                      @ float 0.824589312
	.long	0x3f54db31                      @ float 0.831469595
	.long	0x3f5695e5                      @ float 0.838224709
	.long	0x3f584853                      @ float 0.844853579
	.long	0x3f59f26a                      @ float 0.851355195
	.long	0x3f5b941a                      @ float 0.8577286
	.long	0x3f5d2d53                      @ float 0.863972842
	.long	0x3f5ebe05                      @ float 0.870086967
	.long	0x3f604621                      @ float 0.876070082
	.long	0x3f61c597                      @ float 0.881921231
	.long	0x3f633c5a                      @ float 0.887639641
	.long	0x3f64aa59                      @ float 0.893224298
	.long	0x3f660f88                      @ float 0.898674488
	.long	0x3f676bd8                      @ float 0.903989315
	.long	0x3f68bf3c                      @ float 0.909168005
	.long	0x3f6a09a7                      @ float 0.914209783
	.long	0x3f6b4b0c                      @ float 0.919113874
	.long	0x3f6c835e                      @ float 0.923879504
	.long	0x3f6db293                      @ float 0.928506076
	.long	0x3f6ed89e                      @ float 0.932992815
	.long	0x3f6ff573                      @ float 0.937339007
	.long	0x3f710908                      @ float 0.941544055
	.long	0x3f721352                      @ float 0.945607304
	.long	0x3f731447                      @ float 0.949528157
	.long	0x3f740bdd                      @ float 0.953306019
	.long	0x3f74fa0b                      @ float 0.956940352
	.long	0x3f75dec6                      @ float 0.960430502
	.long	0x3f76ba07                      @ float 0.963776051
	.long	0x3f778bc5                      @ float 0.966976463
	.long	0x3f7853f8                      @ float 0.970031261
	.long	0x3f791298                      @ float 0.972939968
	.long	0x3f79c79d                      @ float 0.975702106
	.long	0x3f7a7302                      @ float 0.978317379
	.long	0x3f7b14be                      @ float 0.98078525
	.long	0x3f7baccd                      @ float 0.98310548
	.long	0x3f7c3b28                      @ float 0.985277652
	.long	0x3f7cbfc9                      @ float 0.987301409
	.long	0x3f7d3aac                      @ float 0.989176511
	.long	0x3f7dabcc                      @ float 0.990902662
	.long	0x3f7e1323                      @ float 0.992479503
	.long	0x3f7e70b0                      @ float 0.993906974
	.long	0x3f7ec46d                      @ float 0.995184719
	.long	0x3f7f0e58                      @ float 0.996312618
	.long	0x3f7f4e6d                      @ float 0.997290432
	.long	0x3f7f84ab                      @ float 0.998118102
	.long	0x3f7fb10f                      @ float 0.998795449
	.long	0x3f7fd397                      @ float 0.999322354
	.long	0x3f7fec43                      @ float 0.999698817
	.long	0x3f7ffb11                      @ float 0.999924719
	.long	0x3f800000                      @ float 1
	.long	0x3f7ffb11                      @ float 0.999924719
	.long	0x3f7fec43                      @ float 0.999698817
	.long	0x3f7fd397                      @ float 0.999322354
	.long	0x3f7fb10f                      @ float 0.998795449
	.long	0x3f7f84ab                      @ float 0.998118102
	.long	0x3f7f4e6d                      @ float 0.997290432
	.long	0x3f7f0e58                      @ float 0.996312618
	.long	0x3f7ec46d                      @ float 0.995184719
	.long	0x3f7e70b0                      @ float 0.993906974
	.long	0x3f7e1323                      @ float 0.992479503
	.long	0x3f7dabcc                      @ float 0.990902662
	.long	0x3f7d3aac                      @ float 0.989176511
	.long	0x3f7cbfc9                      @ float 0.987301409
	.long	0x3f7c3b28                      @ float 0.985277652
	.long	0x3f7baccd                      @ float 0.98310548
	.long	0x3f7b14be                      @ float 0.98078525
	.long	0x3f7a7302                      @ float 0.978317379
	.long	0x3f79c79d                      @ float 0.975702106
	.long	0x3f791298                      @ float 0.972939968
	.long	0x3f7853f8                      @ float 0.970031261
	.long	0x3f778bc5                      @ float 0.966976463
	.long	0x3f76ba07                      @ float 0.963776051
	.long	0x3f75dec6                      @ float 0.960430502
	.long	0x3f74fa0b                      @ float 0.956940352
	.long	0x3f740bdd                      @ float 0.953306019
	.long	0x3f731447                      @ float 0.949528157
	.long	0x3f721352                      @ float 0.945607304
	.long	0x3f710908                      @ float 0.941544055
	.long	0x3f6ff573                      @ float 0.937339007
	.long	0x3f6ed89e                      @ float 0.932992815
	.long	0x3f6db293                      @ float 0.928506076
	.long	0x3f6c835e                      @ float 0.923879504
	.long	0x3f6b4b0c                      @ float 0.919113874
	.long	0x3f6a09a7                      @ float 0.914209783
	.long	0x3f68bf3c                      @ float 0.909168005
	.long	0x3f676bd8                      @ float 0.903989315
	.long	0x3f660f88                      @ float 0.898674488
	.long	0x3f64aa59                      @ float 0.893224298
	.long	0x3f633c5a                      @ float 0.887639641
	.long	0x3f61c597                      @ float 0.881921231
	.long	0x3f604621                      @ float 0.876070082
	.long	0x3f5ebe05                      @ float 0.870086967
	.long	0x3f5d2d53                      @ float 0.863972842
	.long	0x3f5b941a                      @ float 0.8577286
	.long	0x3f59f26a                      @ float 0.851355195
	.long	0x3f584853                      @ float 0.844853579
	.long	0x3f5695e5                      @ float 0.838224709
	.long	0x3f54db31                      @ float 0.831469595
	.long	0x3f531849                      @ float 0.824589312
	.long	0x3f514d3d                      @ float 0.817584812
	.long	0x3f4f7a20                      @ float 0.81045723
	.long	0x3f4d9f02                      @ float 0.803207516
	.long	0x3f4bbbf8                      @ float 0.795836925
	.long	0x3f49d112                      @ float 0.788346409
	.long	0x3f47de65                      @ float 0.780737221
	.long	0x3f45e403                      @ float 0.773010432
	.long	0x3f43e201                      @ float 0.765167295
	.long	0x3f41d870                      @ float 0.757208824
	.long	0x3f3fc767                      @ float 0.749136388
	.long	0x3f3daef9                      @ float 0.74095112
	.long	0x3f3b8f3b                      @ float 0.732654273
	.long	0x3f396842                      @ float 0.724247098
	.long	0x3f373a23                      @ float 0.715730845
	.long	0x3f3504f3                      @ float 0.707106769
	.long	0x3f32c8c9                      @ float 0.698376238
	.long	0x3f3085bb                      @ float 0.689540565
	.long	0x3f2e3bde                      @ float 0.680601001
	.long	0x3f2beb4a                      @ float 0.671558976
	.long	0x3f299415                      @ float 0.662415802
	.long	0x3f273656                      @ float 0.653172851
	.long	0x3f24d225                      @ float 0.643831551
	.long	0x3f226799                      @ float 0.634393274
	.long	0x3f1ff6cb                      @ float 0.624859511
	.long	0x3f1d7fd1                      @ float 0.615231573
	.long	0x3f1b02c6                      @ float 0.605511069
	.long	0x3f187fc0                      @ float 0.59569931
	.long	0x3f15f6d9                      @ float 0.585797846
	.long	0x3f13682a                      @ float 0.575808167
	.long	0x3f10d3cd                      @ float 0.565731823
	.long	0x3f0e39da                      @ float 0.555570245
	.long	0x3f0b9a6b                      @ float 0.545324981
	.long	0x3f08f59b                      @ float 0.534997642
	.long	0x3f064b82                      @ float 0.524589658
	.long	0x3f039c3d                      @ float 0.514102757
	.long	0x3f00e7e4                      @ float 0.50353837
	.long	0x3efc5d27                      @ float 0.492898196
	.long	0x3ef6e0cb                      @ float 0.482183784
	.long	0x3ef15aea                      @ float 0.471396744
	.long	0x3eebcbbb                      @ float 0.460538715
	.long	0x3ee63375                      @ float 0.449611336
	.long	0x3ee0924f                      @ float 0.438616246
	.long	0x3edae880                      @ float 0.427555084
	.long	0x3ed53641                      @ float 0.416429549
	.long	0x3ecf7bca                      @ float 0.405241311
	.long	0x3ec9b953                      @ float 0.393992037
	.long	0x3ec3ef15                      @ float 0.382683426
	.long	0x3ebe1d49                      @ float 0.371317178
	.long	0x3eb8442a                      @ float 0.359895051
	.long	0x3eb263ef                      @ float 0.348418683
	.long	0x3eac7cd4                      @ float 0.336889863
	.long	0x3ea68f12                      @ float 0.32531029
	.long	0x3ea09ae5                      @ float 0.313681751
	.long	0x3e9aa086                      @ float 0.302005947
	.long	0x3e94a032                      @ float 0.290284693
	.long	0x3e8e9a22                      @ float 0.27851969
	.long	0x3e888e93                      @ float 0.266712755
	.long	0x3e827dc0                      @ float 0.254865646
	.long	0x3e78cfcc                      @ float 0.242980182
	.long	0x3e6c9a7f                      @ float 0.231058106
	.long	0x3e605c13                      @ float 0.219101235
	.long	0x3e541501                      @ float 0.207111374
	.long	0x3e47c5c2                      @ float 0.195090324
	.long	0x3e3b6ecf                      @ float 0.183039889
	.long	0x3e2f10a2                      @ float 0.170961887
	.long	0x3e22abb5                      @ float 0.158858135
	.long	0x3e164083                      @ float 0.146730468
	.long	0x3e09cf87                      @ float 0.134580716
	.long	0x3dfab273                      @ float 0.122410677
	.long	0x3de1bc2f                      @ float 0.110222213
	.long	0x3dc8bd36                      @ float 0.0980171412
	.long	0x3dafb680                      @ float 0.0857973099
	.long	0x3d96a904                      @ float 0.0735645592
	.long	0x3d7b2b75                      @ float 0.0613207407
	.long	0x3d48fb2e                      @ float 0.0490676686
	.long	0x3d16c32b                      @ float 0.0368072204
	.long	0x3cc90ab1                      @ float 0.0245412309
	.long	0x3c490e92                      @ float 0.0122715402
	.long	0x00000000                      @ float 0
	.long	0xbc490e92                      @ float -0.0122715402
	.long	0xbcc90ab1                      @ float -0.0245412309
	.long	0xbd16c32b                      @ float -0.0368072204
	.long	0xbd48fb2e                      @ float -0.0490676686
	.long	0xbd7b2b75                      @ float -0.0613207407
	.long	0xbd96a904                      @ float -0.0735645592
	.long	0xbdafb680                      @ float -0.0857973099
	.long	0xbdc8bd36                      @ float -0.0980171412
	.long	0xbde1bc2f                      @ float -0.110222213
	.long	0xbdfab273                      @ float -0.122410677
	.long	0xbe09cf87                      @ float -0.134580716
	.long	0xbe164083                      @ float -0.146730468
	.long	0xbe22abb5                      @ float -0.158858135
	.long	0xbe2f10a2                      @ float -0.170961887
	.long	0xbe3b6ecf                      @ float -0.183039889
	.long	0xbe47c5c2                      @ float -0.195090324
	.long	0xbe541501                      @ float -0.207111374
	.long	0xbe605c13                      @ float -0.219101235
	.long	0xbe6c9a7f                      @ float -0.231058106
	.long	0xbe78cfcc                      @ float -0.242980182
	.long	0xbe827dc0                      @ float -0.254865646
	.long	0xbe888e93                      @ float -0.266712755
	.long	0xbe8e9a22                      @ float -0.27851969
	.long	0xbe94a032                      @ float -0.290284693
	.long	0xbe9aa086                      @ float -0.302005947
	.long	0xbea09ae5                      @ float -0.313681751
	.long	0xbea68f12                      @ float -0.32531029
	.long	0xbeac7cd4                      @ float -0.336889863
	.long	0xbeb263ef                      @ float -0.348418683
	.long	0xbeb8442a                      @ float -0.359895051
	.long	0xbebe1d49                      @ float -0.371317178
	.long	0xbec3ef15                      @ float -0.382683426
	.long	0xbec9b953                      @ float -0.393992037
	.long	0xbecf7bca                      @ float -0.405241311
	.long	0xbed53641                      @ float -0.416429549
	.long	0xbedae880                      @ float -0.427555084
	.long	0xbee0924f                      @ float -0.438616246
	.long	0xbee63375                      @ float -0.449611336
	.long	0xbeebcbbb                      @ float -0.460538715
	.long	0xbef15aea                      @ float -0.471396744
	.long	0xbef6e0cb                      @ float -0.482183784
	.long	0xbefc5d27                      @ float -0.492898196
	.long	0xbf00e7e4                      @ float -0.50353837
	.long	0xbf039c3d                      @ float -0.514102757
	.long	0xbf064b82                      @ float -0.524589658
	.long	0xbf08f59b                      @ float -0.534997642
	.long	0xbf0b9a6b                      @ float -0.545324981
	.long	0xbf0e39da                      @ float -0.555570245
	.long	0xbf10d3cd                      @ float -0.565731823
	.long	0xbf13682a                      @ float -0.575808167
	.long	0xbf15f6d9                      @ float -0.585797846
	.long	0xbf187fc0                      @ float -0.59569931
	.long	0xbf1b02c6                      @ float -0.605511069
	.long	0xbf1d7fd1                      @ float -0.615231573
	.long	0xbf1ff6cb                      @ float -0.624859511
	.long	0xbf226799                      @ float -0.634393274
	.long	0xbf24d225                      @ float -0.643831551
	.long	0xbf273656                      @ float -0.653172851
	.long	0xbf299415                      @ float -0.662415802
	.long	0xbf2beb4a                      @ float -0.671558976
	.long	0xbf2e3bde                      @ float -0.680601001
	.long	0xbf3085bb                      @ float -0.689540565
	.long	0xbf32c8c9                      @ float -0.698376238
	.long	0xbf3504f3                      @ float -0.707106769
	.long	0xbf373a23                      @ float -0.715730845
	.long	0xbf396842                      @ float -0.724247098
	.long	0xbf3b8f3b                      @ float -0.732654273
	.long	0xbf3daef9                      @ float -0.74095112
	.long	0xbf3fc767                      @ float -0.749136388
	.long	0xbf41d870                      @ float -0.757208824
	.long	0xbf43e201                      @ float -0.765167295
	.long	0xbf45e403                      @ float -0.773010432
	.long	0xbf47de65                      @ float -0.780737221
	.long	0xbf49d112                      @ float -0.788346409
	.long	0xbf4bbbf8                      @ float -0.795836925
	.long	0xbf4d9f02                      @ float -0.803207516
	.long	0xbf4f7a20                      @ float -0.81045723
	.long	0xbf514d3d                      @ float -0.817584812
	.long	0xbf531849                      @ float -0.824589312
	.long	0xbf54db31                      @ float -0.831469595
	.long	0xbf5695e5                      @ float -0.838224709
	.long	0xbf584853                      @ float -0.844853579
	.long	0xbf59f26a                      @ float -0.851355195
	.long	0xbf5b941a                      @ float -0.8577286
	.long	0xbf5d2d53                      @ float -0.863972842
	.long	0xbf5ebe05                      @ float -0.870086967
	.long	0xbf604621                      @ float -0.876070082
	.long	0xbf61c597                      @ float -0.881921231
	.long	0xbf633c5a                      @ float -0.887639641
	.long	0xbf64aa59                      @ float -0.893224298
	.long	0xbf660f88                      @ float -0.898674488
	.long	0xbf676bd8                      @ float -0.903989315
	.long	0xbf68bf3c                      @ float -0.909168005
	.long	0xbf6a09a7                      @ float -0.914209783
	.long	0xbf6b4b0c                      @ float -0.919113874
	.long	0xbf6c835e                      @ float -0.923879504
	.long	0xbf6db293                      @ float -0.928506076
	.long	0xbf6ed89e                      @ float -0.932992815
	.long	0xbf6ff573                      @ float -0.937339007
	.long	0xbf710908                      @ float -0.941544055
	.long	0xbf721352                      @ float -0.945607304
	.long	0xbf731447                      @ float -0.949528157
	.long	0xbf740bdd                      @ float -0.953306019
	.long	0xbf74fa0b                      @ float -0.956940352
	.long	0xbf75dec6                      @ float -0.960430502
	.long	0xbf76ba07                      @ float -0.963776051
	.long	0xbf778bc5                      @ float -0.966976463
	.long	0xbf7853f8                      @ float -0.970031261
	.long	0xbf791298                      @ float -0.972939968
	.long	0xbf79c79d                      @ float -0.975702106
	.long	0xbf7a7302                      @ float -0.978317379
	.long	0xbf7b14be                      @ float -0.98078525
	.long	0xbf7baccd                      @ float -0.98310548
	.long	0xbf7c3b28                      @ float -0.985277652
	.long	0xbf7cbfc9                      @ float -0.987301409
	.long	0xbf7d3aac                      @ float -0.989176511
	.long	0xbf7dabcc                      @ float -0.990902662
	.long	0xbf7e1323                      @ float -0.992479503
	.long	0xbf7e70b0                      @ float -0.993906974
	.long	0xbf7ec46d                      @ float -0.995184719
	.long	0xbf7f0e58                      @ float -0.996312618
	.long	0xbf7f4e6d                      @ float -0.997290432
	.long	0xbf7f84ab                      @ float -0.998118102
	.long	0xbf7fb10f                      @ float -0.998795449
	.long	0xbf7fd397                      @ float -0.999322354
	.long	0xbf7fec43                      @ float -0.999698817
	.long	0xbf7ffb11                      @ float -0.999924719
	.long	0xbf800000                      @ float -1
	.long	0xbf7ffb11                      @ float -0.999924719
	.long	0xbf7fec43                      @ float -0.999698817
	.long	0xbf7fd397                      @ float -0.999322354
	.long	0xbf7fb10f                      @ float -0.998795449
	.long	0xbf7f84ab                      @ float -0.998118102
	.long	0xbf7f4e6d                      @ float -0.997290432
	.long	0xbf7f0e58                      @ float -0.996312618
	.long	0xbf7ec46d                      @ float -0.995184719
	.long	0xbf7e70b0                      @ float -0.993906974
	.long	0xbf7e1323                      @ float -0.992479503
	.long	0xbf7dabcc                      @ float -0.990902662
	.long	0xbf7d3aac                      @ float -0.989176511
	.long	0xbf7cbfc9                      @ float -0.987301409
	.long	0xbf7c3b28                      @ float -0.985277652
	.long	0xbf7baccd                      @ float -0.98310548
	.long	0xbf7b14be                      @ float -0.98078525
	.long	0xbf7a7302                      @ float -0.978317379
	.long	0xbf79c79d                      @ float -0.975702106
	.long	0xbf791298                      @ float -0.972939968
	.long	0xbf7853f8                      @ float -0.970031261
	.long	0xbf778bc5                      @ float -0.966976463
	.long	0xbf76ba07                      @ float -0.963776051
	.long	0xbf75dec6                      @ float -0.960430502
	.long	0xbf74fa0b                      @ float -0.956940352
	.long	0xbf740bdd                      @ float -0.953306019
	.long	0xbf731447                      @ float -0.949528157
	.long	0xbf721352                      @ float -0.945607304
	.long	0xbf710908                      @ float -0.941544055
	.long	0xbf6ff573                      @ float -0.937339007
	.long	0xbf6ed89e                      @ float -0.932992815
	.long	0xbf6db293                      @ float -0.928506076
	.long	0xbf6c835e                      @ float -0.923879504
	.long	0xbf6b4b0c                      @ float -0.919113874
	.long	0xbf6a09a7                      @ float -0.914209783
	.long	0xbf68bf3c                      @ float -0.909168005
	.long	0xbf676bd8                      @ float -0.903989315
	.long	0xbf660f88                      @ float -0.898674488
	.long	0xbf64aa59                      @ float -0.893224298
	.long	0xbf633c5a                      @ float -0.887639641
	.long	0xbf61c597                      @ float -0.881921231
	.long	0xbf604621                      @ float -0.876070082
	.long	0xbf5ebe05                      @ float -0.870086967
	.long	0xbf5d2d53                      @ float -0.863972842
	.long	0xbf5b941a                      @ float -0.8577286
	.long	0xbf59f26a                      @ float -0.851355195
	.long	0xbf584853                      @ float -0.844853579
	.long	0xbf5695e5                      @ float -0.838224709
	.long	0xbf54db31                      @ float -0.831469595
	.long	0xbf531849                      @ float -0.824589312
	.long	0xbf514d3d                      @ float -0.817584812
	.long	0xbf4f7a20                      @ float -0.81045723
	.long	0xbf4d9f02                      @ float -0.803207516
	.long	0xbf4bbbf8                      @ float -0.795836925
	.long	0xbf49d112                      @ float -0.788346409
	.long	0xbf47de65                      @ float -0.780737221
	.long	0xbf45e403                      @ float -0.773010432
	.long	0xbf43e201                      @ float -0.765167295
	.long	0xbf41d870                      @ float -0.757208824
	.long	0xbf3fc767                      @ float -0.749136388
	.long	0xbf3daef9                      @ float -0.74095112
	.long	0xbf3b8f3b                      @ float -0.732654273
	.long	0xbf396842                      @ float -0.724247098
	.long	0xbf373a23                      @ float -0.715730845
	.long	0xbf3504f3                      @ float -0.707106769
	.long	0xbf32c8c9                      @ float -0.698376238
	.long	0xbf3085bb                      @ float -0.689540565
	.long	0xbf2e3bde                      @ float -0.680601001
	.long	0xbf2beb4a                      @ float -0.671558976
	.long	0xbf299415                      @ float -0.662415802
	.long	0xbf273656                      @ float -0.653172851
	.long	0xbf24d225                      @ float -0.643831551
	.long	0xbf226799                      @ float -0.634393274
	.long	0xbf1ff6cb                      @ float -0.624859511
	.long	0xbf1d7fd1                      @ float -0.615231573
	.long	0xbf1b02c6                      @ float -0.605511069
	.long	0xbf187fc0                      @ float -0.59569931
	.long	0xbf15f6d9                      @ float -0.585797846
	.long	0xbf13682a                      @ float -0.575808167
	.long	0xbf10d3cd                      @ float -0.565731823
	.long	0xbf0e39da                      @ float -0.555570245
	.long	0xbf0b9a6b                      @ float -0.545324981
	.long	0xbf08f59b                      @ float -0.534997642
	.long	0xbf064b82                      @ float -0.524589658
	.long	0xbf039c3d                      @ float -0.514102757
	.long	0xbf00e7e4                      @ float -0.50353837
	.long	0xbefc5d27                      @ float -0.492898196
	.long	0xbef6e0cb                      @ float -0.482183784
	.long	0xbef15aea                      @ float -0.471396744
	.long	0xbeebcbbb                      @ float -0.460538715
	.long	0xbee63375                      @ float -0.449611336
	.long	0xbee0924f                      @ float -0.438616246
	.long	0xbedae880                      @ float -0.427555084
	.long	0xbed53641                      @ float -0.416429549
	.long	0xbecf7bca                      @ float -0.405241311
	.long	0xbec9b953                      @ float -0.393992037
	.long	0xbec3ef15                      @ float -0.382683426
	.long	0xbebe1d49                      @ float -0.371317178
	.long	0xbeb8442a                      @ float -0.359895051
	.long	0xbeb263ef                      @ float -0.348418683
	.long	0xbeac7cd4                      @ float -0.336889863
	.long	0xbea68f12                      @ float -0.32531029
	.long	0xbea09ae5                      @ float -0.313681751
	.long	0xbe9aa086                      @ float -0.302005947
	.long	0xbe94a032                      @ float -0.290284693
	.long	0xbe8e9a22                      @ float -0.27851969
	.long	0xbe888e93                      @ float -0.266712755
	.long	0xbe827dc0                      @ float -0.254865646
	.long	0xbe78cfcc                      @ float -0.242980182
	.long	0xbe6c9a7f                      @ float -0.231058106
	.long	0xbe605c13                      @ float -0.219101235
	.long	0xbe541501                      @ float -0.207111374
	.long	0xbe47c5c2                      @ float -0.195090324
	.long	0xbe3b6ecf                      @ float -0.183039889
	.long	0xbe2f10a2                      @ float -0.170961887
	.long	0xbe22abb5                      @ float -0.158858135
	.long	0xbe164083                      @ float -0.146730468
	.long	0xbe09cf87                      @ float -0.134580716
	.long	0xbdfab273                      @ float -0.122410677
	.long	0xbde1bc2f                      @ float -0.110222213
	.long	0xbdc8bd36                      @ float -0.0980171412
	.long	0xbdafb680                      @ float -0.0857973099
	.long	0xbd96a904                      @ float -0.0735645592
	.long	0xbd7b2b75                      @ float -0.0613207407
	.long	0xbd48fb2e                      @ float -0.0490676686
	.long	0xbd16c32b                      @ float -0.0368072204
	.long	0xbcc90ab1                      @ float -0.0245412309
	.long	0xbc490e92                      @ float -0.0122715402
	.long	0x80000000                      @ float -0
	.size	sinTable_f32, 2052

	.section	.debug_abbrev,"",%progbits
	.byte	1                               @ Abbreviation Code
	.byte	17                              @ DW_TAG_compile_unit
	.byte	1                               @ DW_CHILDREN_yes
	.byte	37                              @ DW_AT_producer
	.byte	14                              @ DW_FORM_strp
	.byte	19                              @ DW_AT_language
	.byte	5                               @ DW_FORM_data2
	.byte	3                               @ DW_AT_name
	.byte	14                              @ DW_FORM_strp
	.byte	16                              @ DW_AT_stmt_list
	.byte	23                              @ DW_FORM_sec_offset
	.byte	27                              @ DW_AT_comp_dir
	.byte	14                              @ DW_FORM_strp
	.byte	0                               @ EOM(1)
	.byte	0                               @ EOM(2)
	.byte	2                               @ Abbreviation Code
	.byte	52                              @ DW_TAG_variable
	.byte	0                               @ DW_CHILDREN_no
	.byte	3                               @ DW_AT_name
	.byte	14                              @ DW_FORM_strp
	.byte	73                              @ DW_AT_type
	.byte	19                              @ DW_FORM_ref4
	.byte	63                              @ DW_AT_external
	.byte	25                              @ DW_FORM_flag_present
	.byte	58                              @ DW_AT_decl_file
	.byte	11                              @ DW_FORM_data1
	.byte	59                              @ DW_AT_decl_line
	.byte	11                              @ DW_FORM_data1
	.byte	2                               @ DW_AT_location
	.byte	24                              @ DW_FORM_exprloc
	.byte	0                               @ EOM(1)
	.byte	0                               @ EOM(2)
	.byte	3                               @ Abbreviation Code
	.byte	1                               @ DW_TAG_array_type
	.byte	1                               @ DW_CHILDREN_yes
	.byte	73                              @ DW_AT_type
	.byte	19                              @ DW_FORM_ref4
	.byte	0                               @ EOM(1)
	.byte	0                               @ EOM(2)
	.byte	4                               @ Abbreviation Code
	.byte	33                              @ DW_TAG_subrange_type
	.byte	0                               @ DW_CHILDREN_no
	.byte	73                              @ DW_AT_type
	.byte	19                              @ DW_FORM_ref4
	.byte	55                              @ DW_AT_count
	.byte	5                               @ DW_FORM_data2
	.byte	0                               @ EOM(1)
	.byte	0                               @ EOM(2)
	.byte	5                               @ Abbreviation Code
	.byte	38                              @ DW_TAG_const_type
	.byte	0                               @ DW_CHILDREN_no
	.byte	73                              @ DW_AT_type
	.byte	19                              @ DW_FORM_ref4
	.byte	0                               @ EOM(1)
	.byte	0                               @ EOM(2)
	.byte	6                               @ Abbreviation Code
	.byte	36                              @ DW_TAG_base_type
	.byte	0                               @ DW_CHILDREN_no
	.byte	3                               @ DW_AT_name
	.byte	14                              @ DW_FORM_strp
	.byte	62                              @ DW_AT_encoding
	.byte	11                              @ DW_FORM_data1
	.byte	11                              @ DW_AT_byte_size
	.byte	11                              @ DW_FORM_data1
	.byte	0                               @ EOM(1)
	.byte	0                               @ EOM(2)
	.byte	7                               @ Abbreviation Code
	.byte	36                              @ DW_TAG_base_type
	.byte	0                               @ DW_CHILDREN_no
	.byte	3                               @ DW_AT_name
	.byte	14                              @ DW_FORM_strp
	.byte	11                              @ DW_AT_byte_size
	.byte	11                              @ DW_FORM_data1
	.byte	62                              @ DW_AT_encoding
	.byte	11                              @ DW_FORM_data1
	.byte	0                               @ EOM(1)
	.byte	0                               @ EOM(2)
	.byte	0                               @ EOM(3)
	.section	.debug_info,"",%progbits
.Lcu_begin0:
	.long	.Ldebug_info_end0-.Ldebug_info_start0 @ Length of Unit
.Ldebug_info_start0:
	.short	4                               @ DWARF version number
	.long	.debug_abbrev                   @ Offset Into Abbrev. Section
	.byte	4                               @ Address Size (in bytes)
	.byte	1                               @ Abbrev [1] 0xb:0x45 DW_TAG_compile_unit
	.long	.Linfo_string0                  @ DW_AT_producer
	.short	12                              @ DW_AT_language
	.long	.Linfo_string1                  @ DW_AT_name
	.long	.Lline_table_start0             @ DW_AT_stmt_list
	.long	.Linfo_string2                  @ DW_AT_comp_dir
	.byte	2                               @ Abbrev [2] 0x1e:0x11 DW_TAG_variable
	.long	.Linfo_string3                  @ DW_AT_name
	.long	47                              @ DW_AT_type
                                        @ DW_AT_external
	.byte	1                               @ DW_AT_decl_file
	.byte	16                              @ DW_AT_decl_line
	.byte	5                               @ DW_AT_location
	.byte	3
	.long	sinTable_f32
	.byte	3                               @ Abbrev [3] 0x2f:0xd DW_TAG_array_type
	.long	60                              @ DW_AT_type
	.byte	4                               @ Abbrev [4] 0x34:0x7 DW_TAG_subrange_type
	.long	72                              @ DW_AT_type
	.short	513                             @ DW_AT_count
	.byte	0                               @ End Of Children Mark
	.byte	5                               @ Abbrev [5] 0x3c:0x5 DW_TAG_const_type
	.long	65                              @ DW_AT_type
	.byte	6                               @ Abbrev [6] 0x41:0x7 DW_TAG_base_type
	.long	.Linfo_string4                  @ DW_AT_name
	.byte	4                               @ DW_AT_encoding
	.byte	4                               @ DW_AT_byte_size
	.byte	7                               @ Abbrev [7] 0x48:0x7 DW_TAG_base_type
	.long	.Linfo_string5                  @ DW_AT_name
	.byte	8                               @ DW_AT_byte_size
	.byte	7                               @ DW_AT_encoding
	.byte	0                               @ End Of Children Mark
.Ldebug_info_end0:
	.section	.debug_str,"MS",%progbits,1
.Linfo_string0:
	.asciz	"Component: Arm Compiler for Embedded 6.21 Tool: armclang [5ec1fd00]" @ string offset=0
.Linfo_string1:
	.asciz	"../ThirdParty/CMSIS/Src\\arm_common_tables.c" @ string offset=68
.Linfo_string2:
	.asciz	"D:\\ikingtec\\Robot\\ODrive\\Firmware\\MDK-ARM" @ string offset=112
.Linfo_string3:
	.asciz	"sinTable_f32"                  @ string offset=154
.Linfo_string4:
	.asciz	"float"                         @ string offset=167
.Linfo_string5:
	.asciz	"__ARRAY_SIZE_TYPE__"           @ string offset=173
	.ident	"Component: Arm Compiler for Embedded 6.21 Tool: armclang [5ec1fd00]"
	.section	".note.GNU-stack","",%progbits
	.ARM_attribute	16, 1	@ Tag_AV_eba
	.section	.debug_line,"",%progbits
.Lline_table_start0:
