	.text
	.syntax unified
	.eabi_attribute	67, "2.09"	@ Tag_conformance
	.cpu	cortex-m4
	.eabi_attribute	6, 13	@ Tag_CPU_arch
	.eabi_attribute	7, 77	@ Tag_CPU_arch_profile
	.eabi_attribute	8, 0	@ Tag_ARM_ISA_use
	.eabi_attribute	9, 2	@ Tag_THUMB_ISA_use
	.fpu	fpv4-sp-d16
	.eabi_attribute	27, 1	@ Tag_ABI_HardFP_use
	.eabi_attribute	36, 1	@ Tag_FP_HP_extension
	.eabi_attribute	34, 1	@ Tag_CPU_unaligned_access
	.eabi_attribute	17, 1	@ Tag_ABI_PCS_GOT_use
	.eabi_attribute	20, 2	@ Tag_ABI_FP_denormal
	.eabi_attribute	21, 0	@ Tag_ABI_FP_exceptions
	.eabi_attribute	23, 1	@ Tag_ABI_FP_number_model
	.eabi_attribute	24, 1	@ Tag_ABI_align_needed
	.eabi_attribute	25, 1	@ Tag_ABI_align_preserved
	.eabi_attribute	28, 1	@ Tag_ABI_VFP_args
	.eabi_attribute	38, 1	@ Tag_ABI_FP_16bit_format
	.eabi_attribute	18, 2	@ Tag_ABI_PCS_wchar_t
	.eabi_attribute	26, 1	@ Tag_ABI_enum_size
	.eabi_attribute	14, 0	@ Tag_ABI_PCS_R9_use
	.file	"stm32f4xx_hal_msp.c"
	.file	1 "D:\\ikingtec\\Robot\\ODrive\\Firmware\\MDK-ARM" "../ThirdParty/CMSIS/Device/ST/STM32F4xx/Include/stm32f405xx.h"
	.file	2 "D:\\Embed\\MDK\\MDK\\ARM\\ARMCompilerV621\\Bin\\..\\include" "stdint.h"
	.section	.text.HAL_MspInit,"ax",%progbits
	.hidden	HAL_MspInit                     @ -- Begin function HAL_MspInit
	.globl	HAL_MspInit
	.p2align	2
	.type	HAL_MspInit,%function
	.code	16                              @ @HAL_MspInit
	.thumb_func
HAL_MspInit:
.Lfunc_begin0:
	.file	3 "D:\\ikingtec\\Robot\\ODrive\\Firmware\\MDK-ARM" "../Board/v3/Src/stm32f4xx_hal_msp.c"
	.loc	3 59 0                          @ ../Board/v3/Src/stm32f4xx_hal_msp.c:59:0
	.fnstart
	.cfi_sections .debug_frame
	.cfi_startproc
@ %bb.0:
	.save	{r7, lr}
	push	{r7, lr}
	.cfi_def_cfa_offset 8
	.cfi_offset lr, -4
	.cfi_offset r7, -8
	.pad	#24
	sub	sp, #24
	.cfi_def_cfa_offset 32
.Ltmp0:
	.loc	3 64 3 prologue_end             @ ../Board/v3/Src/stm32f4xx_hal_msp.c:64:3
	b	.LBB0_1
.LBB0_1:
	.loc	3 0 3 is_stmt 0                 @ ../Board/v3/Src/stm32f4xx_hal_msp.c:0:3
	movs	r0, #0
.Ltmp1:
	.loc	3 64 3                          @ ../Board/v3/Src/stm32f4xx_hal_msp.c:64:3
	str	r0, [sp, #20]
	movw	r0, #14404
	movt	r0, #16386
	ldr	r1, [r0]
	orr	r1, r1, #16384
	str	r1, [r0]
	ldr	r0, [r0]
	and	r0, r0, #16384
	str	r0, [sp, #20]
	ldr	r0, [sp, #20]
	b	.LBB0_2
.Ltmp2:
.LBB0_2:
	.loc	3 65 3 is_stmt 1                @ ../Board/v3/Src/stm32f4xx_hal_msp.c:65:3
	b	.LBB0_3
.LBB0_3:
	.loc	3 0 3 is_stmt 0                 @ ../Board/v3/Src/stm32f4xx_hal_msp.c:0:3
	movs	r0, #0
.Ltmp3:
	.loc	3 65 3                          @ ../Board/v3/Src/stm32f4xx_hal_msp.c:65:3
	str	r0, [sp, #16]
	movw	r0, #14400
	movt	r0, #16386
	ldr	r1, [r0]
	orr	r1, r1, #268435456
	str	r1, [r0]
	ldr	r0, [r0]
	and	r0, r0, #268435456
	str	r0, [sp, #16]
	ldr	r0, [sp, #16]
	b	.LBB0_4
.Ltmp4:
.LBB0_4:
	.loc	3 0 3                           @ ../Board/v3/Src/stm32f4xx_hal_msp.c:0:3
	movs	r0, #3
	.loc	3 67 3 is_stmt 1                @ ../Board/v3/Src/stm32f4xx_hal_msp.c:67:3
	str	r0, [sp, #4]                    @ 4-byte Spill
	bl	HAL_NVIC_SetPriorityGrouping
	mvn	r0, #11
	movs	r2, #0
	.loc	3 71 3                          @ ../Board/v3/Src/stm32f4xx_hal_msp.c:71:3
	str	r2, [sp, #12]                   @ 4-byte Spill
	mov	r1, r2
	bl	HAL_NVIC_SetPriority
	ldr	r2, [sp, #12]                   @ 4-byte Reload
	mvn	r0, #10
	.loc	3 73 3                          @ ../Board/v3/Src/stm32f4xx_hal_msp.c:73:3
	mov	r1, r2
	bl	HAL_NVIC_SetPriority
	ldr	r2, [sp, #12]                   @ 4-byte Reload
	mvn	r0, #9
	.loc	3 75 3                          @ ../Board/v3/Src/stm32f4xx_hal_msp.c:75:3
	mov	r1, r2
	bl	HAL_NVIC_SetPriority
	ldr	r1, [sp, #4]                    @ 4-byte Reload
	ldr	r2, [sp, #12]                   @ 4-byte Reload
	mvn	r0, #4
	.loc	3 77 3                          @ ../Board/v3/Src/stm32f4xx_hal_msp.c:77:3
	bl	HAL_NVIC_SetPriority
	ldr	r2, [sp, #12]                   @ 4-byte Reload
	mvn	r0, #3
	.loc	3 79 3                          @ ../Board/v3/Src/stm32f4xx_hal_msp.c:79:3
	mov	r1, r2
	bl	HAL_NVIC_SetPriority
	ldr	r2, [sp, #12]                   @ 4-byte Reload
	mvn	r0, #1
	movs	r1, #15
	.loc	3 81 3                          @ ../Board/v3/Src/stm32f4xx_hal_msp.c:81:3
	str	r1, [sp, #8]                    @ 4-byte Spill
	bl	HAL_NVIC_SetPriority
	ldr	r1, [sp, #8]                    @ 4-byte Reload
	ldr	r2, [sp, #12]                   @ 4-byte Reload
	mov.w	r0, #-1
	.loc	3 83 3                          @ ../Board/v3/Src/stm32f4xx_hal_msp.c:83:3
	bl	HAL_NVIC_SetPriority
	.loc	3 88 1 epilogue_begin           @ ../Board/v3/Src/stm32f4xx_hal_msp.c:88:1
	add	sp, #24
	pop	{r7, pc}
.Ltmp5:
.Lfunc_end0:
	.size	HAL_MspInit, .Lfunc_end0-HAL_MspInit
	.cfi_endproc
	.cantunwind
	.fnend
                                        @ -- End function
	.section	.debug_abbrev,"",%progbits
	.byte	1                               @ Abbreviation Code
	.byte	17                              @ DW_TAG_compile_unit
	.byte	1                               @ DW_CHILDREN_yes
	.byte	37                              @ DW_AT_producer
	.byte	14                              @ DW_FORM_strp
	.byte	19                              @ DW_AT_language
	.byte	5                               @ DW_FORM_data2
	.byte	3                               @ DW_AT_name
	.byte	14                              @ DW_FORM_strp
	.byte	16                              @ DW_AT_stmt_list
	.byte	23                              @ DW_FORM_sec_offset
	.byte	27                              @ DW_AT_comp_dir
	.byte	14                              @ DW_FORM_strp
	.byte	17                              @ DW_AT_low_pc
	.byte	1                               @ DW_FORM_addr
	.byte	18                              @ DW_AT_high_pc
	.byte	6                               @ DW_FORM_data4
	.byte	0                               @ EOM(1)
	.byte	0                               @ EOM(2)
	.byte	2                               @ Abbreviation Code
	.byte	4                               @ DW_TAG_enumeration_type
	.byte	1                               @ DW_CHILDREN_yes
	.byte	73                              @ DW_AT_type
	.byte	19                              @ DW_FORM_ref4
	.byte	11                              @ DW_AT_byte_size
	.byte	11                              @ DW_FORM_data1
	.byte	58                              @ DW_AT_decl_file
	.byte	11                              @ DW_FORM_data1
	.byte	59                              @ DW_AT_decl_line
	.byte	11                              @ DW_FORM_data1
	.byte	0                               @ EOM(1)
	.byte	0                               @ EOM(2)
	.byte	3                               @ Abbreviation Code
	.byte	40                              @ DW_TAG_enumerator
	.byte	0                               @ DW_CHILDREN_no
	.byte	3                               @ DW_AT_name
	.byte	14                              @ DW_FORM_strp
	.byte	28                              @ DW_AT_const_value
	.byte	13                              @ DW_FORM_sdata
	.byte	0                               @ EOM(1)
	.byte	0                               @ EOM(2)
	.byte	4                               @ Abbreviation Code
	.byte	36                              @ DW_TAG_base_type
	.byte	0                               @ DW_CHILDREN_no
	.byte	3                               @ DW_AT_name
	.byte	14                              @ DW_FORM_strp
	.byte	62                              @ DW_AT_encoding
	.byte	11                              @ DW_FORM_data1
	.byte	11                              @ DW_AT_byte_size
	.byte	11                              @ DW_FORM_data1
	.byte	0                               @ EOM(1)
	.byte	0                               @ EOM(2)
	.byte	5                               @ Abbreviation Code
	.byte	15                              @ DW_TAG_pointer_type
	.byte	0                               @ DW_CHILDREN_no
	.byte	73                              @ DW_AT_type
	.byte	19                              @ DW_FORM_ref4
	.byte	0                               @ EOM(1)
	.byte	0                               @ EOM(2)
	.byte	6                               @ Abbreviation Code
	.byte	22                              @ DW_TAG_typedef
	.byte	0                               @ DW_CHILDREN_no
	.byte	73                              @ DW_AT_type
	.byte	19                              @ DW_FORM_ref4
	.byte	3                               @ DW_AT_name
	.byte	14                              @ DW_FORM_strp
	.byte	58                              @ DW_AT_decl_file
	.byte	11                              @ DW_FORM_data1
	.byte	59                              @ DW_AT_decl_line
	.byte	5                               @ DW_FORM_data2
	.byte	0                               @ EOM(1)
	.byte	0                               @ EOM(2)
	.byte	7                               @ Abbreviation Code
	.byte	19                              @ DW_TAG_structure_type
	.byte	1                               @ DW_CHILDREN_yes
	.byte	11                              @ DW_AT_byte_size
	.byte	11                              @ DW_FORM_data1
	.byte	58                              @ DW_AT_decl_file
	.byte	11                              @ DW_FORM_data1
	.byte	59                              @ DW_AT_decl_line
	.byte	5                               @ DW_FORM_data2
	.byte	0                               @ EOM(1)
	.byte	0                               @ EOM(2)
	.byte	8                               @ Abbreviation Code
	.byte	13                              @ DW_TAG_member
	.byte	0                               @ DW_CHILDREN_no
	.byte	3                               @ DW_AT_name
	.byte	14                              @ DW_FORM_strp
	.byte	73                              @ DW_AT_type
	.byte	19                              @ DW_FORM_ref4
	.byte	58                              @ DW_AT_decl_file
	.byte	11                              @ DW_FORM_data1
	.byte	59                              @ DW_AT_decl_line
	.byte	5                               @ DW_FORM_data2
	.byte	56                              @ DW_AT_data_member_location
	.byte	11                              @ DW_FORM_data1
	.byte	0                               @ EOM(1)
	.byte	0                               @ EOM(2)
	.byte	9                               @ Abbreviation Code
	.byte	53                              @ DW_TAG_volatile_type
	.byte	0                               @ DW_CHILDREN_no
	.byte	73                              @ DW_AT_type
	.byte	19                              @ DW_FORM_ref4
	.byte	0                               @ EOM(1)
	.byte	0                               @ EOM(2)
	.byte	10                              @ Abbreviation Code
	.byte	22                              @ DW_TAG_typedef
	.byte	0                               @ DW_CHILDREN_no
	.byte	73                              @ DW_AT_type
	.byte	19                              @ DW_FORM_ref4
	.byte	3                               @ DW_AT_name
	.byte	14                              @ DW_FORM_strp
	.byte	58                              @ DW_AT_decl_file
	.byte	11                              @ DW_FORM_data1
	.byte	59                              @ DW_AT_decl_line
	.byte	11                              @ DW_FORM_data1
	.byte	0                               @ EOM(1)
	.byte	0                               @ EOM(2)
	.byte	11                              @ Abbreviation Code
	.byte	1                               @ DW_TAG_array_type
	.byte	1                               @ DW_CHILDREN_yes
	.byte	73                              @ DW_AT_type
	.byte	19                              @ DW_FORM_ref4
	.byte	0                               @ EOM(1)
	.byte	0                               @ EOM(2)
	.byte	12                              @ Abbreviation Code
	.byte	33                              @ DW_TAG_subrange_type
	.byte	0                               @ DW_CHILDREN_no
	.byte	73                              @ DW_AT_type
	.byte	19                              @ DW_FORM_ref4
	.byte	55                              @ DW_AT_count
	.byte	11                              @ DW_FORM_data1
	.byte	0                               @ EOM(1)
	.byte	0                               @ EOM(2)
	.byte	13                              @ Abbreviation Code
	.byte	36                              @ DW_TAG_base_type
	.byte	0                               @ DW_CHILDREN_no
	.byte	3                               @ DW_AT_name
	.byte	14                              @ DW_FORM_strp
	.byte	11                              @ DW_AT_byte_size
	.byte	11                              @ DW_FORM_data1
	.byte	62                              @ DW_AT_encoding
	.byte	11                              @ DW_FORM_data1
	.byte	0                               @ EOM(1)
	.byte	0                               @ EOM(2)
	.byte	14                              @ Abbreviation Code
	.byte	46                              @ DW_TAG_subprogram
	.byte	1                               @ DW_CHILDREN_yes
	.byte	17                              @ DW_AT_low_pc
	.byte	1                               @ DW_FORM_addr
	.byte	18                              @ DW_AT_high_pc
	.byte	6                               @ DW_FORM_data4
	.byte	64                              @ DW_AT_frame_base
	.byte	24                              @ DW_FORM_exprloc
	.byte	3                               @ DW_AT_name
	.byte	14                              @ DW_FORM_strp
	.byte	58                              @ DW_AT_decl_file
	.byte	11                              @ DW_FORM_data1
	.byte	59                              @ DW_AT_decl_line
	.byte	11                              @ DW_FORM_data1
	.byte	39                              @ DW_AT_prototyped
	.byte	25                              @ DW_FORM_flag_present
	.byte	63                              @ DW_AT_external
	.byte	25                              @ DW_FORM_flag_present
	.byte	0                               @ EOM(1)
	.byte	0                               @ EOM(2)
	.byte	15                              @ Abbreviation Code
	.byte	11                              @ DW_TAG_lexical_block
	.byte	1                               @ DW_CHILDREN_yes
	.byte	17                              @ DW_AT_low_pc
	.byte	1                               @ DW_FORM_addr
	.byte	18                              @ DW_AT_high_pc
	.byte	6                               @ DW_FORM_data4
	.byte	0                               @ EOM(1)
	.byte	0                               @ EOM(2)
	.byte	16                              @ Abbreviation Code
	.byte	52                              @ DW_TAG_variable
	.byte	0                               @ DW_CHILDREN_no
	.byte	2                               @ DW_AT_location
	.byte	24                              @ DW_FORM_exprloc
	.byte	3                               @ DW_AT_name
	.byte	14                              @ DW_FORM_strp
	.byte	58                              @ DW_AT_decl_file
	.byte	11                              @ DW_FORM_data1
	.byte	59                              @ DW_AT_decl_line
	.byte	11                              @ DW_FORM_data1
	.byte	73                              @ DW_AT_type
	.byte	19                              @ DW_FORM_ref4
	.byte	0                               @ EOM(1)
	.byte	0                               @ EOM(2)
	.byte	0                               @ EOM(3)
	.section	.debug_info,"",%progbits
.Lcu_begin0:
	.long	.Ldebug_info_end0-.Ldebug_info_start0 @ Length of Unit
.Ldebug_info_start0:
	.short	4                               @ DWARF version number
	.long	.debug_abbrev                   @ Offset Into Abbrev. Section
	.byte	4                               @ Address Size (in bytes)
	.byte	1                               @ Abbrev [1] 0xb:0x449 DW_TAG_compile_unit
	.long	.Linfo_string0                  @ DW_AT_producer
	.short	12                              @ DW_AT_language
	.long	.Linfo_string1                  @ DW_AT_name
	.long	.Lline_table_start0             @ DW_AT_stmt_list
	.long	.Linfo_string2                  @ DW_AT_comp_dir
	.long	.Lfunc_begin0                   @ DW_AT_low_pc
	.long	.Lfunc_end0-.Lfunc_begin0       @ DW_AT_high_pc
	.byte	2                               @ Abbrev [2] 0x26:0x21d DW_TAG_enumeration_type
	.long	579                             @ DW_AT_type
	.byte	1                               @ DW_AT_byte_size
	.byte	1                               @ DW_AT_decl_file
	.byte	82                              @ DW_AT_decl_line
	.byte	3                               @ Abbrev [3] 0x2e:0x6 DW_TAG_enumerator
	.long	.Linfo_string4                  @ DW_AT_name
	.byte	114                             @ DW_AT_const_value
	.byte	3                               @ Abbrev [3] 0x34:0x6 DW_TAG_enumerator
	.long	.Linfo_string5                  @ DW_AT_name
	.byte	116                             @ DW_AT_const_value
	.byte	3                               @ Abbrev [3] 0x3a:0x6 DW_TAG_enumerator
	.long	.Linfo_string6                  @ DW_AT_name
	.byte	117                             @ DW_AT_const_value
	.byte	3                               @ Abbrev [3] 0x40:0x6 DW_TAG_enumerator
	.long	.Linfo_string7                  @ DW_AT_name
	.byte	118                             @ DW_AT_const_value
	.byte	3                               @ Abbrev [3] 0x46:0x6 DW_TAG_enumerator
	.long	.Linfo_string8                  @ DW_AT_name
	.byte	123                             @ DW_AT_const_value
	.byte	3                               @ Abbrev [3] 0x4c:0x6 DW_TAG_enumerator
	.long	.Linfo_string9                  @ DW_AT_name
	.byte	124                             @ DW_AT_const_value
	.byte	3                               @ Abbrev [3] 0x52:0x6 DW_TAG_enumerator
	.long	.Linfo_string10                 @ DW_AT_name
	.byte	126                             @ DW_AT_const_value
	.byte	3                               @ Abbrev [3] 0x58:0x6 DW_TAG_enumerator
	.long	.Linfo_string11                 @ DW_AT_name
	.byte	127                             @ DW_AT_const_value
	.byte	3                               @ Abbrev [3] 0x5e:0x6 DW_TAG_enumerator
	.long	.Linfo_string12                 @ DW_AT_name
	.byte	0                               @ DW_AT_const_value
	.byte	3                               @ Abbrev [3] 0x64:0x6 DW_TAG_enumerator
	.long	.Linfo_string13                 @ DW_AT_name
	.byte	1                               @ DW_AT_const_value
	.byte	3                               @ Abbrev [3] 0x6a:0x6 DW_TAG_enumerator
	.long	.Linfo_string14                 @ DW_AT_name
	.byte	2                               @ DW_AT_const_value
	.byte	3                               @ Abbrev [3] 0x70:0x6 DW_TAG_enumerator
	.long	.Linfo_string15                 @ DW_AT_name
	.byte	3                               @ DW_AT_const_value
	.byte	3                               @ Abbrev [3] 0x76:0x6 DW_TAG_enumerator
	.long	.Linfo_string16                 @ DW_AT_name
	.byte	4                               @ DW_AT_const_value
	.byte	3                               @ Abbrev [3] 0x7c:0x6 DW_TAG_enumerator
	.long	.Linfo_string17                 @ DW_AT_name
	.byte	5                               @ DW_AT_const_value
	.byte	3                               @ Abbrev [3] 0x82:0x6 DW_TAG_enumerator
	.long	.Linfo_string18                 @ DW_AT_name
	.byte	6                               @ DW_AT_const_value
	.byte	3                               @ Abbrev [3] 0x88:0x6 DW_TAG_enumerator
	.long	.Linfo_string19                 @ DW_AT_name
	.byte	7                               @ DW_AT_const_value
	.byte	3                               @ Abbrev [3] 0x8e:0x6 DW_TAG_enumerator
	.long	.Linfo_string20                 @ DW_AT_name
	.byte	8                               @ DW_AT_const_value
	.byte	3                               @ Abbrev [3] 0x94:0x6 DW_TAG_enumerator
	.long	.Linfo_string21                 @ DW_AT_name
	.byte	9                               @ DW_AT_const_value
	.byte	3                               @ Abbrev [3] 0x9a:0x6 DW_TAG_enumerator
	.long	.Linfo_string22                 @ DW_AT_name
	.byte	10                              @ DW_AT_const_value
	.byte	3                               @ Abbrev [3] 0xa0:0x6 DW_TAG_enumerator
	.long	.Linfo_string23                 @ DW_AT_name
	.byte	11                              @ DW_AT_const_value
	.byte	3                               @ Abbrev [3] 0xa6:0x6 DW_TAG_enumerator
	.long	.Linfo_string24                 @ DW_AT_name
	.byte	12                              @ DW_AT_const_value
	.byte	3                               @ Abbrev [3] 0xac:0x6 DW_TAG_enumerator
	.long	.Linfo_string25                 @ DW_AT_name
	.byte	13                              @ DW_AT_const_value
	.byte	3                               @ Abbrev [3] 0xb2:0x6 DW_TAG_enumerator
	.long	.Linfo_string26                 @ DW_AT_name
	.byte	14                              @ DW_AT_const_value
	.byte	3                               @ Abbrev [3] 0xb8:0x6 DW_TAG_enumerator
	.long	.Linfo_string27                 @ DW_AT_name
	.byte	15                              @ DW_AT_const_value
	.byte	3                               @ Abbrev [3] 0xbe:0x6 DW_TAG_enumerator
	.long	.Linfo_string28                 @ DW_AT_name
	.byte	16                              @ DW_AT_const_value
	.byte	3                               @ Abbrev [3] 0xc4:0x6 DW_TAG_enumerator
	.long	.Linfo_string29                 @ DW_AT_name
	.byte	17                              @ DW_AT_const_value
	.byte	3                               @ Abbrev [3] 0xca:0x6 DW_TAG_enumerator
	.long	.Linfo_string30                 @ DW_AT_name
	.byte	18                              @ DW_AT_const_value
	.byte	3                               @ Abbrev [3] 0xd0:0x6 DW_TAG_enumerator
	.long	.Linfo_string31                 @ DW_AT_name
	.byte	19                              @ DW_AT_const_value
	.byte	3                               @ Abbrev [3] 0xd6:0x6 DW_TAG_enumerator
	.long	.Linfo_string32                 @ DW_AT_name
	.byte	20                              @ DW_AT_const_value
	.byte	3                               @ Abbrev [3] 0xdc:0x6 DW_TAG_enumerator
	.long	.Linfo_string33                 @ DW_AT_name
	.byte	21                              @ DW_AT_const_value
	.byte	3                               @ Abbrev [3] 0xe2:0x6 DW_TAG_enumerator
	.long	.Linfo_string34                 @ DW_AT_name
	.byte	22                              @ DW_AT_const_value
	.byte	3                               @ Abbrev [3] 0xe8:0x6 DW_TAG_enumerator
	.long	.Linfo_string35                 @ DW_AT_name
	.byte	23                              @ DW_AT_const_value
	.byte	3                               @ Abbrev [3] 0xee:0x6 DW_TAG_enumerator
	.long	.Linfo_string36                 @ DW_AT_name
	.byte	24                              @ DW_AT_const_value
	.byte	3                               @ Abbrev [3] 0xf4:0x6 DW_TAG_enumerator
	.long	.Linfo_string37                 @ DW_AT_name
	.byte	25                              @ DW_AT_const_value
	.byte	3                               @ Abbrev [3] 0xfa:0x6 DW_TAG_enumerator
	.long	.Linfo_string38                 @ DW_AT_name
	.byte	26                              @ DW_AT_const_value
	.byte	3                               @ Abbrev [3] 0x100:0x6 DW_TAG_enumerator
	.long	.Linfo_string39                 @ DW_AT_name
	.byte	27                              @ DW_AT_const_value
	.byte	3                               @ Abbrev [3] 0x106:0x6 DW_TAG_enumerator
	.long	.Linfo_string40                 @ DW_AT_name
	.byte	28                              @ DW_AT_const_value
	.byte	3                               @ Abbrev [3] 0x10c:0x6 DW_TAG_enumerator
	.long	.Linfo_string41                 @ DW_AT_name
	.byte	29                              @ DW_AT_const_value
	.byte	3                               @ Abbrev [3] 0x112:0x6 DW_TAG_enumerator
	.long	.Linfo_string42                 @ DW_AT_name
	.byte	30                              @ DW_AT_const_value
	.byte	3                               @ Abbrev [3] 0x118:0x6 DW_TAG_enumerator
	.long	.Linfo_string43                 @ DW_AT_name
	.byte	31                              @ DW_AT_const_value
	.byte	3                               @ Abbrev [3] 0x11e:0x6 DW_TAG_enumerator
	.long	.Linfo_string44                 @ DW_AT_name
	.byte	32                              @ DW_AT_const_value
	.byte	3                               @ Abbrev [3] 0x124:0x6 DW_TAG_enumerator
	.long	.Linfo_string45                 @ DW_AT_name
	.byte	33                              @ DW_AT_const_value
	.byte	3                               @ Abbrev [3] 0x12a:0x6 DW_TAG_enumerator
	.long	.Linfo_string46                 @ DW_AT_name
	.byte	34                              @ DW_AT_const_value
	.byte	3                               @ Abbrev [3] 0x130:0x6 DW_TAG_enumerator
	.long	.Linfo_string47                 @ DW_AT_name
	.byte	35                              @ DW_AT_const_value
	.byte	3                               @ Abbrev [3] 0x136:0x6 DW_TAG_enumerator
	.long	.Linfo_string48                 @ DW_AT_name
	.byte	36                              @ DW_AT_const_value
	.byte	3                               @ Abbrev [3] 0x13c:0x6 DW_TAG_enumerator
	.long	.Linfo_string49                 @ DW_AT_name
	.byte	37                              @ DW_AT_const_value
	.byte	3                               @ Abbrev [3] 0x142:0x6 DW_TAG_enumerator
	.long	.Linfo_string50                 @ DW_AT_name
	.byte	38                              @ DW_AT_const_value
	.byte	3                               @ Abbrev [3] 0x148:0x6 DW_TAG_enumerator
	.long	.Linfo_string51                 @ DW_AT_name
	.byte	39                              @ DW_AT_const_value
	.byte	3                               @ Abbrev [3] 0x14e:0x6 DW_TAG_enumerator
	.long	.Linfo_string52                 @ DW_AT_name
	.byte	40                              @ DW_AT_const_value
	.byte	3                               @ Abbrev [3] 0x154:0x6 DW_TAG_enumerator
	.long	.Linfo_string53                 @ DW_AT_name
	.byte	41                              @ DW_AT_const_value
	.byte	3                               @ Abbrev [3] 0x15a:0x6 DW_TAG_enumerator
	.long	.Linfo_string54                 @ DW_AT_name
	.byte	42                              @ DW_AT_const_value
	.byte	3                               @ Abbrev [3] 0x160:0x6 DW_TAG_enumerator
	.long	.Linfo_string55                 @ DW_AT_name
	.byte	43                              @ DW_AT_const_value
	.byte	3                               @ Abbrev [3] 0x166:0x6 DW_TAG_enumerator
	.long	.Linfo_string56                 @ DW_AT_name
	.byte	44                              @ DW_AT_const_value
	.byte	3                               @ Abbrev [3] 0x16c:0x6 DW_TAG_enumerator
	.long	.Linfo_string57                 @ DW_AT_name
	.byte	45                              @ DW_AT_const_value
	.byte	3                               @ Abbrev [3] 0x172:0x6 DW_TAG_enumerator
	.long	.Linfo_string58                 @ DW_AT_name
	.byte	46                              @ DW_AT_const_value
	.byte	3                               @ Abbrev [3] 0x178:0x6 DW_TAG_enumerator
	.long	.Linfo_string59                 @ DW_AT_name
	.byte	47                              @ DW_AT_const_value
	.byte	3                               @ Abbrev [3] 0x17e:0x6 DW_TAG_enumerator
	.long	.Linfo_string60                 @ DW_AT_name
	.byte	48                              @ DW_AT_const_value
	.byte	3                               @ Abbrev [3] 0x184:0x6 DW_TAG_enumerator
	.long	.Linfo_string61                 @ DW_AT_name
	.byte	49                              @ DW_AT_const_value
	.byte	3                               @ Abbrev [3] 0x18a:0x6 DW_TAG_enumerator
	.long	.Linfo_string62                 @ DW_AT_name
	.byte	50                              @ DW_AT_const_value
	.byte	3                               @ Abbrev [3] 0x190:0x6 DW_TAG_enumerator
	.long	.Linfo_string63                 @ DW_AT_name
	.byte	51                              @ DW_AT_const_value
	.byte	3                               @ Abbrev [3] 0x196:0x6 DW_TAG_enumerator
	.long	.Linfo_string64                 @ DW_AT_name
	.byte	52                              @ DW_AT_const_value
	.byte	3                               @ Abbrev [3] 0x19c:0x6 DW_TAG_enumerator
	.long	.Linfo_string65                 @ DW_AT_name
	.byte	53                              @ DW_AT_const_value
	.byte	3                               @ Abbrev [3] 0x1a2:0x6 DW_TAG_enumerator
	.long	.Linfo_string66                 @ DW_AT_name
	.byte	54                              @ DW_AT_const_value
	.byte	3                               @ Abbrev [3] 0x1a8:0x6 DW_TAG_enumerator
	.long	.Linfo_string67                 @ DW_AT_name
	.byte	55                              @ DW_AT_const_value
	.byte	3                               @ Abbrev [3] 0x1ae:0x6 DW_TAG_enumerator
	.long	.Linfo_string68                 @ DW_AT_name
	.byte	56                              @ DW_AT_const_value
	.byte	3                               @ Abbrev [3] 0x1b4:0x6 DW_TAG_enumerator
	.long	.Linfo_string69                 @ DW_AT_name
	.byte	57                              @ DW_AT_const_value
	.byte	3                               @ Abbrev [3] 0x1ba:0x6 DW_TAG_enumerator
	.long	.Linfo_string70                 @ DW_AT_name
	.byte	58                              @ DW_AT_const_value
	.byte	3                               @ Abbrev [3] 0x1c0:0x6 DW_TAG_enumerator
	.long	.Linfo_string71                 @ DW_AT_name
	.byte	59                              @ DW_AT_const_value
	.byte	3                               @ Abbrev [3] 0x1c6:0x6 DW_TAG_enumerator
	.long	.Linfo_string72                 @ DW_AT_name
	.byte	60                              @ DW_AT_const_value
	.byte	3                               @ Abbrev [3] 0x1cc:0x6 DW_TAG_enumerator
	.long	.Linfo_string73                 @ DW_AT_name
	.byte	63                              @ DW_AT_const_value
	.byte	3                               @ Abbrev [3] 0x1d2:0x7 DW_TAG_enumerator
	.long	.Linfo_string74                 @ DW_AT_name
	.asciz	"\300"                          @ DW_AT_const_value
	.byte	3                               @ Abbrev [3] 0x1d9:0x7 DW_TAG_enumerator
	.long	.Linfo_string75                 @ DW_AT_name
	.asciz	"\301"                          @ DW_AT_const_value
	.byte	3                               @ Abbrev [3] 0x1e0:0x7 DW_TAG_enumerator
	.long	.Linfo_string76                 @ DW_AT_name
	.asciz	"\302"                          @ DW_AT_const_value
	.byte	3                               @ Abbrev [3] 0x1e7:0x7 DW_TAG_enumerator
	.long	.Linfo_string77                 @ DW_AT_name
	.asciz	"\303"                          @ DW_AT_const_value
	.byte	3                               @ Abbrev [3] 0x1ee:0x7 DW_TAG_enumerator
	.long	.Linfo_string78                 @ DW_AT_name
	.asciz	"\304"                          @ DW_AT_const_value
	.byte	3                               @ Abbrev [3] 0x1f5:0x7 DW_TAG_enumerator
	.long	.Linfo_string79                 @ DW_AT_name
	.asciz	"\305"                          @ DW_AT_const_value
	.byte	3                               @ Abbrev [3] 0x1fc:0x7 DW_TAG_enumerator
	.long	.Linfo_string80                 @ DW_AT_name
	.asciz	"\306"                          @ DW_AT_const_value
	.byte	3                               @ Abbrev [3] 0x203:0x7 DW_TAG_enumerator
	.long	.Linfo_string81                 @ DW_AT_name
	.asciz	"\307"                          @ DW_AT_const_value
	.byte	3                               @ Abbrev [3] 0x20a:0x7 DW_TAG_enumerator
	.long	.Linfo_string82                 @ DW_AT_name
	.asciz	"\310"                          @ DW_AT_const_value
	.byte	3                               @ Abbrev [3] 0x211:0x7 DW_TAG_enumerator
	.long	.Linfo_string83                 @ DW_AT_name
	.asciz	"\311"                          @ DW_AT_const_value
	.byte	3                               @ Abbrev [3] 0x218:0x7 DW_TAG_enumerator
	.long	.Linfo_string84                 @ DW_AT_name
	.asciz	"\312"                          @ DW_AT_const_value
	.byte	3                               @ Abbrev [3] 0x21f:0x7 DW_TAG_enumerator
	.long	.Linfo_string85                 @ DW_AT_name
	.asciz	"\313"                          @ DW_AT_const_value
	.byte	3                               @ Abbrev [3] 0x226:0x7 DW_TAG_enumerator
	.long	.Linfo_string86                 @ DW_AT_name
	.asciz	"\314"                          @ DW_AT_const_value
	.byte	3                               @ Abbrev [3] 0x22d:0x7 DW_TAG_enumerator
	.long	.Linfo_string87                 @ DW_AT_name
	.asciz	"\315"                          @ DW_AT_const_value
	.byte	3                               @ Abbrev [3] 0x234:0x7 DW_TAG_enumerator
	.long	.Linfo_string88                 @ DW_AT_name
	.asciz	"\320"                          @ DW_AT_const_value
	.byte	3                               @ Abbrev [3] 0x23b:0x7 DW_TAG_enumerator
	.long	.Linfo_string89                 @ DW_AT_name
	.asciz	"\321"                          @ DW_AT_const_value
	.byte	0                               @ End Of Children Mark
	.byte	4                               @ Abbrev [4] 0x243:0x7 DW_TAG_base_type
	.long	.Linfo_string3                  @ DW_AT_name
	.byte	6                               @ DW_AT_encoding
	.byte	1                               @ DW_AT_byte_size
	.byte	5                               @ Abbrev [5] 0x24a:0x5 DW_TAG_pointer_type
	.long	591                             @ DW_AT_type
	.byte	6                               @ Abbrev [6] 0x24f:0xc DW_TAG_typedef
	.long	603                             @ DW_AT_type
	.long	.Linfo_string123                @ DW_AT_name
	.byte	1                               @ DW_AT_decl_file
	.short	549                             @ DW_AT_decl_line
	.byte	7                               @ Abbrev [7] 0x25b:0x18c DW_TAG_structure_type
	.byte	136                             @ DW_AT_byte_size
	.byte	1                               @ DW_AT_decl_file
	.short	517                             @ DW_AT_decl_line
	.byte	8                               @ Abbrev [8] 0x260:0xd DW_TAG_member
	.long	.Linfo_string90                 @ DW_AT_name
	.long	999                             @ DW_AT_type
	.byte	1                               @ DW_AT_decl_file
	.short	519                             @ DW_AT_decl_line
	.byte	0                               @ DW_AT_data_member_location
	.byte	8                               @ Abbrev [8] 0x26d:0xd DW_TAG_member
	.long	.Linfo_string93                 @ DW_AT_name
	.long	999                             @ DW_AT_type
	.byte	1                               @ DW_AT_decl_file
	.short	520                             @ DW_AT_decl_line
	.byte	4                               @ DW_AT_data_member_location
	.byte	8                               @ Abbrev [8] 0x27a:0xd DW_TAG_member
	.long	.Linfo_string94                 @ DW_AT_name
	.long	999                             @ DW_AT_type
	.byte	1                               @ DW_AT_decl_file
	.short	521                             @ DW_AT_decl_line
	.byte	8                               @ DW_AT_data_member_location
	.byte	8                               @ Abbrev [8] 0x287:0xd DW_TAG_member
	.long	.Linfo_string95                 @ DW_AT_name
	.long	999                             @ DW_AT_type
	.byte	1                               @ DW_AT_decl_file
	.short	522                             @ DW_AT_decl_line
	.byte	12                              @ DW_AT_data_member_location
	.byte	8                               @ Abbrev [8] 0x294:0xd DW_TAG_member
	.long	.Linfo_string96                 @ DW_AT_name
	.long	999                             @ DW_AT_type
	.byte	1                               @ DW_AT_decl_file
	.short	523                             @ DW_AT_decl_line
	.byte	16                              @ DW_AT_data_member_location
	.byte	8                               @ Abbrev [8] 0x2a1:0xd DW_TAG_member
	.long	.Linfo_string97                 @ DW_AT_name
	.long	999                             @ DW_AT_type
	.byte	1                               @ DW_AT_decl_file
	.short	524                             @ DW_AT_decl_line
	.byte	20                              @ DW_AT_data_member_location
	.byte	8                               @ Abbrev [8] 0x2ae:0xd DW_TAG_member
	.long	.Linfo_string98                 @ DW_AT_name
	.long	999                             @ DW_AT_type
	.byte	1                               @ DW_AT_decl_file
	.short	525                             @ DW_AT_decl_line
	.byte	24                              @ DW_AT_data_member_location
	.byte	8                               @ Abbrev [8] 0x2bb:0xd DW_TAG_member
	.long	.Linfo_string99                 @ DW_AT_name
	.long	1004                            @ DW_AT_type
	.byte	1                               @ DW_AT_decl_file
	.short	526                             @ DW_AT_decl_line
	.byte	28                              @ DW_AT_data_member_location
	.byte	8                               @ Abbrev [8] 0x2c8:0xd DW_TAG_member
	.long	.Linfo_string100                @ DW_AT_name
	.long	999                             @ DW_AT_type
	.byte	1                               @ DW_AT_decl_file
	.short	527                             @ DW_AT_decl_line
	.byte	32                              @ DW_AT_data_member_location
	.byte	8                               @ Abbrev [8] 0x2d5:0xd DW_TAG_member
	.long	.Linfo_string101                @ DW_AT_name
	.long	999                             @ DW_AT_type
	.byte	1                               @ DW_AT_decl_file
	.short	528                             @ DW_AT_decl_line
	.byte	36                              @ DW_AT_data_member_location
	.byte	8                               @ Abbrev [8] 0x2e2:0xd DW_TAG_member
	.long	.Linfo_string102                @ DW_AT_name
	.long	1022                            @ DW_AT_type
	.byte	1                               @ DW_AT_decl_file
	.short	529                             @ DW_AT_decl_line
	.byte	40                              @ DW_AT_data_member_location
	.byte	8                               @ Abbrev [8] 0x2ef:0xd DW_TAG_member
	.long	.Linfo_string104                @ DW_AT_name
	.long	999                             @ DW_AT_type
	.byte	1                               @ DW_AT_decl_file
	.short	530                             @ DW_AT_decl_line
	.byte	48                              @ DW_AT_data_member_location
	.byte	8                               @ Abbrev [8] 0x2fc:0xd DW_TAG_member
	.long	.Linfo_string105                @ DW_AT_name
	.long	999                             @ DW_AT_type
	.byte	1                               @ DW_AT_decl_file
	.short	531                             @ DW_AT_decl_line
	.byte	52                              @ DW_AT_data_member_location
	.byte	8                               @ Abbrev [8] 0x309:0xd DW_TAG_member
	.long	.Linfo_string106                @ DW_AT_name
	.long	999                             @ DW_AT_type
	.byte	1                               @ DW_AT_decl_file
	.short	532                             @ DW_AT_decl_line
	.byte	56                              @ DW_AT_data_member_location
	.byte	8                               @ Abbrev [8] 0x316:0xd DW_TAG_member
	.long	.Linfo_string107                @ DW_AT_name
	.long	1004                            @ DW_AT_type
	.byte	1                               @ DW_AT_decl_file
	.short	533                             @ DW_AT_decl_line
	.byte	60                              @ DW_AT_data_member_location
	.byte	8                               @ Abbrev [8] 0x323:0xd DW_TAG_member
	.long	.Linfo_string108                @ DW_AT_name
	.long	999                             @ DW_AT_type
	.byte	1                               @ DW_AT_decl_file
	.short	534                             @ DW_AT_decl_line
	.byte	64                              @ DW_AT_data_member_location
	.byte	8                               @ Abbrev [8] 0x330:0xd DW_TAG_member
	.long	.Linfo_string109                @ DW_AT_name
	.long	999                             @ DW_AT_type
	.byte	1                               @ DW_AT_decl_file
	.short	535                             @ DW_AT_decl_line
	.byte	68                              @ DW_AT_data_member_location
	.byte	8                               @ Abbrev [8] 0x33d:0xd DW_TAG_member
	.long	.Linfo_string110                @ DW_AT_name
	.long	1022                            @ DW_AT_type
	.byte	1                               @ DW_AT_decl_file
	.short	536                             @ DW_AT_decl_line
	.byte	72                              @ DW_AT_data_member_location
	.byte	8                               @ Abbrev [8] 0x34a:0xd DW_TAG_member
	.long	.Linfo_string111                @ DW_AT_name
	.long	999                             @ DW_AT_type
	.byte	1                               @ DW_AT_decl_file
	.short	537                             @ DW_AT_decl_line
	.byte	80                              @ DW_AT_data_member_location
	.byte	8                               @ Abbrev [8] 0x357:0xd DW_TAG_member
	.long	.Linfo_string112                @ DW_AT_name
	.long	999                             @ DW_AT_type
	.byte	1                               @ DW_AT_decl_file
	.short	538                             @ DW_AT_decl_line
	.byte	84                              @ DW_AT_data_member_location
	.byte	8                               @ Abbrev [8] 0x364:0xd DW_TAG_member
	.long	.Linfo_string113                @ DW_AT_name
	.long	999                             @ DW_AT_type
	.byte	1                               @ DW_AT_decl_file
	.short	539                             @ DW_AT_decl_line
	.byte	88                              @ DW_AT_data_member_location
	.byte	8                               @ Abbrev [8] 0x371:0xd DW_TAG_member
	.long	.Linfo_string114                @ DW_AT_name
	.long	1004                            @ DW_AT_type
	.byte	1                               @ DW_AT_decl_file
	.short	540                             @ DW_AT_decl_line
	.byte	92                              @ DW_AT_data_member_location
	.byte	8                               @ Abbrev [8] 0x37e:0xd DW_TAG_member
	.long	.Linfo_string115                @ DW_AT_name
	.long	999                             @ DW_AT_type
	.byte	1                               @ DW_AT_decl_file
	.short	541                             @ DW_AT_decl_line
	.byte	96                              @ DW_AT_data_member_location
	.byte	8                               @ Abbrev [8] 0x38b:0xd DW_TAG_member
	.long	.Linfo_string116                @ DW_AT_name
	.long	999                             @ DW_AT_type
	.byte	1                               @ DW_AT_decl_file
	.short	542                             @ DW_AT_decl_line
	.byte	100                             @ DW_AT_data_member_location
	.byte	8                               @ Abbrev [8] 0x398:0xd DW_TAG_member
	.long	.Linfo_string117                @ DW_AT_name
	.long	1022                            @ DW_AT_type
	.byte	1                               @ DW_AT_decl_file
	.short	543                             @ DW_AT_decl_line
	.byte	104                             @ DW_AT_data_member_location
	.byte	8                               @ Abbrev [8] 0x3a5:0xd DW_TAG_member
	.long	.Linfo_string118                @ DW_AT_name
	.long	999                             @ DW_AT_type
	.byte	1                               @ DW_AT_decl_file
	.short	544                             @ DW_AT_decl_line
	.byte	112                             @ DW_AT_data_member_location
	.byte	8                               @ Abbrev [8] 0x3b2:0xd DW_TAG_member
	.long	.Linfo_string119                @ DW_AT_name
	.long	999                             @ DW_AT_type
	.byte	1                               @ DW_AT_decl_file
	.short	545                             @ DW_AT_decl_line
	.byte	116                             @ DW_AT_data_member_location
	.byte	8                               @ Abbrev [8] 0x3bf:0xd DW_TAG_member
	.long	.Linfo_string120                @ DW_AT_name
	.long	1022                            @ DW_AT_type
	.byte	1                               @ DW_AT_decl_file
	.short	546                             @ DW_AT_decl_line
	.byte	120                             @ DW_AT_data_member_location
	.byte	8                               @ Abbrev [8] 0x3cc:0xd DW_TAG_member
	.long	.Linfo_string121                @ DW_AT_name
	.long	999                             @ DW_AT_type
	.byte	1                               @ DW_AT_decl_file
	.short	547                             @ DW_AT_decl_line
	.byte	128                             @ DW_AT_data_member_location
	.byte	8                               @ Abbrev [8] 0x3d9:0xd DW_TAG_member
	.long	.Linfo_string122                @ DW_AT_name
	.long	999                             @ DW_AT_type
	.byte	1                               @ DW_AT_decl_file
	.short	548                             @ DW_AT_decl_line
	.byte	132                             @ DW_AT_data_member_location
	.byte	0                               @ End Of Children Mark
	.byte	9                               @ Abbrev [9] 0x3e7:0x5 DW_TAG_volatile_type
	.long	1004                            @ DW_AT_type
	.byte	10                              @ Abbrev [10] 0x3ec:0xb DW_TAG_typedef
	.long	1015                            @ DW_AT_type
	.long	.Linfo_string92                 @ DW_AT_name
	.byte	2                               @ DW_AT_decl_file
	.byte	64                              @ DW_AT_decl_line
	.byte	4                               @ Abbrev [4] 0x3f7:0x7 DW_TAG_base_type
	.long	.Linfo_string91                 @ DW_AT_name
	.byte	7                               @ DW_AT_encoding
	.byte	4                               @ DW_AT_byte_size
	.byte	11                              @ Abbrev [11] 0x3fe:0xc DW_TAG_array_type
	.long	1004                            @ DW_AT_type
	.byte	12                              @ Abbrev [12] 0x403:0x6 DW_TAG_subrange_type
	.long	1034                            @ DW_AT_type
	.byte	2                               @ DW_AT_count
	.byte	0                               @ End Of Children Mark
	.byte	13                              @ Abbrev [13] 0x40a:0x7 DW_TAG_base_type
	.long	.Linfo_string103                @ DW_AT_name
	.byte	8                               @ DW_AT_byte_size
	.byte	7                               @ DW_AT_encoding
	.byte	14                              @ Abbrev [14] 0x411:0x42 DW_TAG_subprogram
	.long	.Lfunc_begin0                   @ DW_AT_low_pc
	.long	.Lfunc_end0-.Lfunc_begin0       @ DW_AT_high_pc
	.byte	1                               @ DW_AT_frame_base
	.byte	93
	.long	.Linfo_string124                @ DW_AT_name
	.byte	3                               @ DW_AT_decl_file
	.byte	58                              @ DW_AT_decl_line
                                        @ DW_AT_prototyped
                                        @ DW_AT_external
	.byte	15                              @ Abbrev [15] 0x422:0x18 DW_TAG_lexical_block
	.long	.Ltmp1                          @ DW_AT_low_pc
	.long	.Ltmp2-.Ltmp1                   @ DW_AT_high_pc
	.byte	16                              @ Abbrev [16] 0x42b:0xe DW_TAG_variable
	.byte	2                               @ DW_AT_location
	.byte	145
	.byte	20
	.long	.Linfo_string125                @ DW_AT_name
	.byte	3                               @ DW_AT_decl_file
	.byte	64                              @ DW_AT_decl_line
	.long	999                             @ DW_AT_type
	.byte	0                               @ End Of Children Mark
	.byte	15                              @ Abbrev [15] 0x43a:0x18 DW_TAG_lexical_block
	.long	.Ltmp3                          @ DW_AT_low_pc
	.long	.Ltmp4-.Ltmp3                   @ DW_AT_high_pc
	.byte	16                              @ Abbrev [16] 0x443:0xe DW_TAG_variable
	.byte	2                               @ DW_AT_location
	.byte	145
	.byte	16
	.long	.Linfo_string125                @ DW_AT_name
	.byte	3                               @ DW_AT_decl_file
	.byte	65                              @ DW_AT_decl_line
	.long	999                             @ DW_AT_type
	.byte	0                               @ End Of Children Mark
	.byte	0                               @ End Of Children Mark
	.byte	0                               @ End Of Children Mark
.Ldebug_info_end0:
	.section	.debug_str,"MS",%progbits,1
.Linfo_string0:
	.asciz	"Component: Arm Compiler for Embedded 6.21 Tool: armclang [5ec1fd00]" @ string offset=0
.Linfo_string1:
	.asciz	"../Board/v3/Src\\stm32f4xx_hal_msp.c" @ string offset=68
.Linfo_string2:
	.asciz	"D:\\ikingtec\\Robot\\ODrive\\Firmware\\MDK-ARM" @ string offset=104
.Linfo_string3:
	.asciz	"signed char"                   @ string offset=146
.Linfo_string4:
	.asciz	"NonMaskableInt_IRQn"           @ string offset=158
.Linfo_string5:
	.asciz	"MemoryManagement_IRQn"         @ string offset=178
.Linfo_string6:
	.asciz	"BusFault_IRQn"                 @ string offset=200
.Linfo_string7:
	.asciz	"UsageFault_IRQn"               @ string offset=214
.Linfo_string8:
	.asciz	"SVCall_IRQn"                   @ string offset=230
.Linfo_string9:
	.asciz	"DebugMonitor_IRQn"             @ string offset=242
.Linfo_string10:
	.asciz	"PendSV_IRQn"                   @ string offset=260
.Linfo_string11:
	.asciz	"SysTick_IRQn"                  @ string offset=272
.Linfo_string12:
	.asciz	"WWDG_IRQn"                     @ string offset=285
.Linfo_string13:
	.asciz	"PVD_IRQn"                      @ string offset=295
.Linfo_string14:
	.asciz	"TAMP_STAMP_IRQn"               @ string offset=304
.Linfo_string15:
	.asciz	"RTC_WKUP_IRQn"                 @ string offset=320
.Linfo_string16:
	.asciz	"FLASH_IRQn"                    @ string offset=334
.Linfo_string17:
	.asciz	"RCC_IRQn"                      @ string offset=345
.Linfo_string18:
	.asciz	"EXTI0_IRQn"                    @ string offset=354
.Linfo_string19:
	.asciz	"EXTI1_IRQn"                    @ string offset=365
.Linfo_string20:
	.asciz	"EXTI2_IRQn"                    @ string offset=376
.Linfo_string21:
	.asciz	"EXTI3_IRQn"                    @ string offset=387
.Linfo_string22:
	.asciz	"EXTI4_IRQn"                    @ string offset=398
.Linfo_string23:
	.asciz	"DMA1_Stream0_IRQn"             @ string offset=409
.Linfo_string24:
	.asciz	"DMA1_Stream1_IRQn"             @ string offset=427
.Linfo_string25:
	.asciz	"DMA1_Stream2_IRQn"             @ string offset=445
.Linfo_string26:
	.asciz	"DMA1_Stream3_IRQn"             @ string offset=463
.Linfo_string27:
	.asciz	"DMA1_Stream4_IRQn"             @ string offset=481
.Linfo_string28:
	.asciz	"DMA1_Stream5_IRQn"             @ string offset=499
.Linfo_string29:
	.asciz	"DMA1_Stream6_IRQn"             @ string offset=517
.Linfo_string30:
	.asciz	"ADC_IRQn"                      @ string offset=535
.Linfo_string31:
	.asciz	"CAN1_TX_IRQn"                  @ string offset=544
.Linfo_string32:
	.asciz	"CAN1_RX0_IRQn"                 @ string offset=557
.Linfo_string33:
	.asciz	"CAN1_RX1_IRQn"                 @ string offset=571
.Linfo_string34:
	.asciz	"CAN1_SCE_IRQn"                 @ string offset=585
.Linfo_string35:
	.asciz	"EXTI9_5_IRQn"                  @ string offset=599
.Linfo_string36:
	.asciz	"TIM1_BRK_TIM9_IRQn"            @ string offset=612
.Linfo_string37:
	.asciz	"TIM1_UP_TIM10_IRQn"            @ string offset=631
.Linfo_string38:
	.asciz	"TIM1_TRG_COM_TIM11_IRQn"       @ string offset=650
.Linfo_string39:
	.asciz	"TIM1_CC_IRQn"                  @ string offset=674
.Linfo_string40:
	.asciz	"TIM2_IRQn"                     @ string offset=687
.Linfo_string41:
	.asciz	"TIM3_IRQn"                     @ string offset=697
.Linfo_string42:
	.asciz	"TIM4_IRQn"                     @ string offset=707
.Linfo_string43:
	.asciz	"I2C1_EV_IRQn"                  @ string offset=717
.Linfo_string44:
	.asciz	"I2C1_ER_IRQn"                  @ string offset=730
.Linfo_string45:
	.asciz	"I2C2_EV_IRQn"                  @ string offset=743
.Linfo_string46:
	.asciz	"I2C2_ER_IRQn"                  @ string offset=756
.Linfo_string47:
	.asciz	"SPI1_IRQn"                     @ string offset=769
.Linfo_string48:
	.asciz	"SPI2_IRQn"                     @ string offset=779
.Linfo_string49:
	.asciz	"USART1_IRQn"                   @ string offset=789
.Linfo_string50:
	.asciz	"USART2_IRQn"                   @ string offset=801
.Linfo_string51:
	.asciz	"USART3_IRQn"                   @ string offset=813
.Linfo_string52:
	.asciz	"EXTI15_10_IRQn"                @ string offset=825
.Linfo_string53:
	.asciz	"RTC_Alarm_IRQn"                @ string offset=840
.Linfo_string54:
	.asciz	"OTG_FS_WKUP_IRQn"              @ string offset=855
.Linfo_string55:
	.asciz	"TIM8_BRK_TIM12_IRQn"           @ string offset=872
.Linfo_string56:
	.asciz	"TIM8_UP_TIM13_IRQn"            @ string offset=892
.Linfo_string57:
	.asciz	"TIM8_TRG_COM_TIM14_IRQn"       @ string offset=911
.Linfo_string58:
	.asciz	"TIM8_CC_IRQn"                  @ string offset=935
.Linfo_string59:
	.asciz	"DMA1_Stream7_IRQn"             @ string offset=948
.Linfo_string60:
	.asciz	"FSMC_IRQn"                     @ string offset=966
.Linfo_string61:
	.asciz	"SDIO_IRQn"                     @ string offset=976
.Linfo_string62:
	.asciz	"TIM5_IRQn"                     @ string offset=986
.Linfo_string63:
	.asciz	"SPI3_IRQn"                     @ string offset=996
.Linfo_string64:
	.asciz	"UART4_IRQn"                    @ string offset=1006
.Linfo_string65:
	.asciz	"UART5_IRQn"                    @ string offset=1017
.Linfo_string66:
	.asciz	"TIM6_DAC_IRQn"                 @ string offset=1028
.Linfo_string67:
	.asciz	"TIM7_IRQn"                     @ string offset=1042
.Linfo_string68:
	.asciz	"DMA2_Stream0_IRQn"             @ string offset=1052
.Linfo_string69:
	.asciz	"DMA2_Stream1_IRQn"             @ string offset=1070
.Linfo_string70:
	.asciz	"DMA2_Stream2_IRQn"             @ string offset=1088
.Linfo_string71:
	.asciz	"DMA2_Stream3_IRQn"             @ string offset=1106
.Linfo_string72:
	.asciz	"DMA2_Stream4_IRQn"             @ string offset=1124
.Linfo_string73:
	.asciz	"CAN2_TX_IRQn"                  @ string offset=1142
.Linfo_string74:
	.asciz	"CAN2_RX0_IRQn"                 @ string offset=1155
.Linfo_string75:
	.asciz	"CAN2_RX1_IRQn"                 @ string offset=1169
.Linfo_string76:
	.asciz	"CAN2_SCE_IRQn"                 @ string offset=1183
.Linfo_string77:
	.asciz	"OTG_FS_IRQn"                   @ string offset=1197
.Linfo_string78:
	.asciz	"DMA2_Stream5_IRQn"             @ string offset=1209
.Linfo_string79:
	.asciz	"DMA2_Stream6_IRQn"             @ string offset=1227
.Linfo_string80:
	.asciz	"DMA2_Stream7_IRQn"             @ string offset=1245
.Linfo_string81:
	.asciz	"USART6_IRQn"                   @ string offset=1263
.Linfo_string82:
	.asciz	"I2C3_EV_IRQn"                  @ string offset=1275
.Linfo_string83:
	.asciz	"I2C3_ER_IRQn"                  @ string offset=1288
.Linfo_string84:
	.asciz	"OTG_HS_EP1_OUT_IRQn"           @ string offset=1301
.Linfo_string85:
	.asciz	"OTG_HS_EP1_IN_IRQn"            @ string offset=1321
.Linfo_string86:
	.asciz	"OTG_HS_WKUP_IRQn"              @ string offset=1340
.Linfo_string87:
	.asciz	"OTG_HS_IRQn"                   @ string offset=1357
.Linfo_string88:
	.asciz	"RNG_IRQn"                      @ string offset=1369
.Linfo_string89:
	.asciz	"FPU_IRQn"                      @ string offset=1378
.Linfo_string90:
	.asciz	"CR"                            @ string offset=1387
.Linfo_string91:
	.asciz	"unsigned int"                  @ string offset=1390
.Linfo_string92:
	.asciz	"uint32_t"                      @ string offset=1403
.Linfo_string93:
	.asciz	"PLLCFGR"                       @ string offset=1412
.Linfo_string94:
	.asciz	"CFGR"                          @ string offset=1420
.Linfo_string95:
	.asciz	"CIR"                           @ string offset=1425
.Linfo_string96:
	.asciz	"AHB1RSTR"                      @ string offset=1429
.Linfo_string97:
	.asciz	"AHB2RSTR"                      @ string offset=1438
.Linfo_string98:
	.asciz	"AHB3RSTR"                      @ string offset=1447
.Linfo_string99:
	.asciz	"RESERVED0"                     @ string offset=1456
.Linfo_string100:
	.asciz	"APB1RSTR"                      @ string offset=1466
.Linfo_string101:
	.asciz	"APB2RSTR"                      @ string offset=1475
.Linfo_string102:
	.asciz	"RESERVED1"                     @ string offset=1484
.Linfo_string103:
	.asciz	"__ARRAY_SIZE_TYPE__"           @ string offset=1494
.Linfo_string104:
	.asciz	"AHB1ENR"                       @ string offset=1514
.Linfo_string105:
	.asciz	"AHB2ENR"                       @ string offset=1522
.Linfo_string106:
	.asciz	"AHB3ENR"                       @ string offset=1530
.Linfo_string107:
	.asciz	"RESERVED2"                     @ string offset=1538
.Linfo_string108:
	.asciz	"APB1ENR"                       @ string offset=1548
.Linfo_string109:
	.asciz	"APB2ENR"                       @ string offset=1556
.Linfo_string110:
	.asciz	"RESERVED3"                     @ string offset=1564
.Linfo_string111:
	.asciz	"AHB1LPENR"                     @ string offset=1574
.Linfo_string112:
	.asciz	"AHB2LPENR"                     @ string offset=1584
.Linfo_string113:
	.asciz	"AHB3LPENR"                     @ string offset=1594
.Linfo_string114:
	.asciz	"RESERVED4"                     @ string offset=1604
.Linfo_string115:
	.asciz	"APB1LPENR"                     @ string offset=1614
.Linfo_string116:
	.asciz	"APB2LPENR"                     @ string offset=1624
.Linfo_string117:
	.asciz	"RESERVED5"                     @ string offset=1634
.Linfo_string118:
	.asciz	"BDCR"                          @ string offset=1644
.Linfo_string119:
	.asciz	"CSR"                           @ string offset=1649
.Linfo_string120:
	.asciz	"RESERVED6"                     @ string offset=1653
.Linfo_string121:
	.asciz	"SSCGR"                         @ string offset=1663
.Linfo_string122:
	.asciz	"PLLI2SCFGR"                    @ string offset=1669
.Linfo_string123:
	.asciz	"RCC_TypeDef"                   @ string offset=1680
.Linfo_string124:
	.asciz	"HAL_MspInit"                   @ string offset=1692
.Linfo_string125:
	.asciz	"tmpreg"                        @ string offset=1704
	.ident	"Component: Arm Compiler for Embedded 6.21 Tool: armclang [5ec1fd00]"
	.section	".note.GNU-stack","",%progbits
	.eabi_attribute	30, 6	@ Tag_ABI_optimization_goals
	.ARM_attribute	16, 1	@ Tag_AV_eba
	.section	.debug_line,"",%progbits
.Lline_table_start0:
