	.text
	.syntax unified
	.eabi_attribute	67, "2.09"	@ Tag_conformance
	.cpu	cortex-m4
	.eabi_attribute	6, 13	@ Tag_CPU_arch
	.eabi_attribute	7, 77	@ Tag_CPU_arch_profile
	.eabi_attribute	8, 0	@ Tag_ARM_ISA_use
	.eabi_attribute	9, 2	@ Tag_THUMB_ISA_use
	.fpu	fpv4-sp-d16
	.eabi_attribute	27, 1	@ Tag_ABI_HardFP_use
	.eabi_attribute	36, 1	@ Tag_FP_HP_extension
	.eabi_attribute	34, 1	@ Tag_CPU_unaligned_access
	.eabi_attribute	17, 1	@ Tag_ABI_PCS_GOT_use
	.eabi_attribute	20, 2	@ Tag_ABI_FP_denormal
	.eabi_attribute	21, 0	@ Tag_ABI_FP_exceptions
	.eabi_attribute	23, 1	@ Tag_ABI_FP_number_model
	.eabi_attribute	24, 1	@ Tag_ABI_align_needed
	.eabi_attribute	25, 1	@ Tag_ABI_align_preserved
	.eabi_attribute	28, 1	@ Tag_ABI_VFP_args
	.eabi_attribute	38, 1	@ Tag_ABI_FP_16bit_format
	.eabi_attribute	18, 2	@ Tag_ABI_PCS_wchar_t
	.eabi_attribute	26, 1	@ Tag_ABI_enum_size
	.eabi_attribute	14, 0	@ Tag_ABI_PCS_R9_use
	.file	"usb_device.c"
	.file	1 "D:\\Embed\\MDK\\MDK\\ARM\\ARMCompilerV621\\Bin\\..\\include" "stdint.h"
	.file	2 "D:\\ikingtec\\Robot\\ODrive\\Firmware\\MDK-ARM" "../ThirdParty/STM32_USB_Device_Library/Core/Inc\\usbd_def.h"
	.file	3 "D:\\ikingtec\\Robot\\ODrive\\Firmware\\MDK-ARM" "../Board/v3/Src/usb_device.c"
	.section	.text.MX_USB_DEVICE_Init,"ax",%progbits
	.hidden	MX_USB_DEVICE_Init              @ -- Begin function MX_USB_DEVICE_Init
	.globl	MX_USB_DEVICE_Init
	.p2align	2
	.type	MX_USB_DEVICE_Init,%function
	.code	16                              @ @MX_USB_DEVICE_Init
	.thumb_func
MX_USB_DEVICE_Init:
.Lfunc_begin0:
	.loc	3 94 0                          @ ../Board/v3/Src/usb_device.c:94:0
	.fnstart
	.cfi_sections .debug_frame
	.cfi_startproc
@ %bb.0:
	.save	{r7, lr}
	push	{r7, lr}
	.cfi_def_cfa_offset 8
	.cfi_offset lr, -4
	.cfi_offset r7, -8
	.pad	#8
	sub	sp, #8
	.cfi_def_cfa_offset 16
.Ltmp0:
	.loc	3 100 3 prologue_end            @ ../Board/v3/Src/usb_device.c:100:3
	movw	r0, :lower16:hUsbDeviceFS
	movt	r0, :upper16:hUsbDeviceFS
	str	r0, [sp, #4]                    @ 4-byte Spill
	movw	r1, :lower16:FS_Desc
	movt	r1, :upper16:FS_Desc
	movs	r2, #0
	bl	USBD_Init
                                        @ kill: def $r1 killed $r0
	.loc	3 102 3                         @ ../Board/v3/Src/usb_device.c:102:3
	ldr	r0, [sp, #4]                    @ 4-byte Reload
	movw	r1, :lower16:USBD_CDC
	movt	r1, :upper16:USBD_CDC
	bl	USBD_RegisterClass
                                        @ kill: def $r1 killed $r0
	.loc	3 104 3                         @ ../Board/v3/Src/usb_device.c:104:3
	ldr	r0, [sp, #4]                    @ 4-byte Reload
	movw	r1, :lower16:USBD_Interface_fops_FS
	movt	r1, :upper16:USBD_Interface_fops_FS
	bl	USBD_CDC_RegisterInterface
                                        @ kill: def $r1 killed $r0
	.loc	3 106 3                         @ ../Board/v3/Src/usb_device.c:106:3
	ldr	r0, [sp, #4]                    @ 4-byte Reload
	bl	USBD_Start
	.loc	3 111 1 epilogue_begin          @ ../Board/v3/Src/usb_device.c:111:1
	add	sp, #8
	pop	{r7, pc}
.Ltmp1:
.Lfunc_end0:
	.size	MX_USB_DEVICE_Init, .Lfunc_end0-MX_USB_DEVICE_Init
	.cfi_endproc
	.cantunwind
	.fnend
                                        @ -- End function
	.hidden	hUsbDeviceFS                    @ @hUsbDeviceFS
	.type	hUsbDeviceFS,%object
	.section	.bss.hUsbDeviceFS,"aw",%nobits
	.globl	hUsbDeviceFS
	.p2align	2, 0x0
hUsbDeviceFS:
	.zero	720
	.size	hUsbDeviceFS, 720

	.section	.debug_abbrev,"",%progbits
	.byte	1                               @ Abbreviation Code
	.byte	17                              @ DW_TAG_compile_unit
	.byte	1                               @ DW_CHILDREN_yes
	.byte	37                              @ DW_AT_producer
	.byte	14                              @ DW_FORM_strp
	.byte	19                              @ DW_AT_language
	.byte	5                               @ DW_FORM_data2
	.byte	3                               @ DW_AT_name
	.byte	14                              @ DW_FORM_strp
	.byte	16                              @ DW_AT_stmt_list
	.byte	23                              @ DW_FORM_sec_offset
	.byte	27                              @ DW_AT_comp_dir
	.byte	14                              @ DW_FORM_strp
	.byte	17                              @ DW_AT_low_pc
	.byte	1                               @ DW_FORM_addr
	.byte	18                              @ DW_AT_high_pc
	.byte	6                               @ DW_FORM_data4
	.byte	0                               @ EOM(1)
	.byte	0                               @ EOM(2)
	.byte	2                               @ Abbreviation Code
	.byte	52                              @ DW_TAG_variable
	.byte	0                               @ DW_CHILDREN_no
	.byte	3                               @ DW_AT_name
	.byte	14                              @ DW_FORM_strp
	.byte	73                              @ DW_AT_type
	.byte	19                              @ DW_FORM_ref4
	.byte	63                              @ DW_AT_external
	.byte	25                              @ DW_FORM_flag_present
	.byte	58                              @ DW_AT_decl_file
	.byte	11                              @ DW_FORM_data1
	.byte	59                              @ DW_AT_decl_line
	.byte	11                              @ DW_FORM_data1
	.byte	2                               @ DW_AT_location
	.byte	24                              @ DW_FORM_exprloc
	.byte	0                               @ EOM(1)
	.byte	0                               @ EOM(2)
	.byte	3                               @ Abbreviation Code
	.byte	22                              @ DW_TAG_typedef
	.byte	0                               @ DW_CHILDREN_no
	.byte	73                              @ DW_AT_type
	.byte	19                              @ DW_FORM_ref4
	.byte	3                               @ DW_AT_name
	.byte	14                              @ DW_FORM_strp
	.byte	58                              @ DW_AT_decl_file
	.byte	11                              @ DW_FORM_data1
	.byte	59                              @ DW_AT_decl_line
	.byte	5                               @ DW_FORM_data2
	.byte	0                               @ EOM(1)
	.byte	0                               @ EOM(2)
	.byte	4                               @ Abbreviation Code
	.byte	19                              @ DW_TAG_structure_type
	.byte	1                               @ DW_CHILDREN_yes
	.byte	3                               @ DW_AT_name
	.byte	14                              @ DW_FORM_strp
	.byte	11                              @ DW_AT_byte_size
	.byte	5                               @ DW_FORM_data2
	.byte	58                              @ DW_AT_decl_file
	.byte	11                              @ DW_FORM_data1
	.byte	59                              @ DW_AT_decl_line
	.byte	5                               @ DW_FORM_data2
	.byte	0                               @ EOM(1)
	.byte	0                               @ EOM(2)
	.byte	5                               @ Abbreviation Code
	.byte	13                              @ DW_TAG_member
	.byte	0                               @ DW_CHILDREN_no
	.byte	3                               @ DW_AT_name
	.byte	14                              @ DW_FORM_strp
	.byte	73                              @ DW_AT_type
	.byte	19                              @ DW_FORM_ref4
	.byte	58                              @ DW_AT_decl_file
	.byte	11                              @ DW_FORM_data1
	.byte	59                              @ DW_AT_decl_line
	.byte	5                               @ DW_FORM_data2
	.byte	56                              @ DW_AT_data_member_location
	.byte	11                              @ DW_FORM_data1
	.byte	0                               @ EOM(1)
	.byte	0                               @ EOM(2)
	.byte	6                               @ Abbreviation Code
	.byte	13                              @ DW_TAG_member
	.byte	0                               @ DW_CHILDREN_no
	.byte	3                               @ DW_AT_name
	.byte	14                              @ DW_FORM_strp
	.byte	73                              @ DW_AT_type
	.byte	19                              @ DW_FORM_ref4
	.byte	58                              @ DW_AT_decl_file
	.byte	11                              @ DW_FORM_data1
	.byte	59                              @ DW_AT_decl_line
	.byte	5                               @ DW_FORM_data2
	.byte	56                              @ DW_AT_data_member_location
	.byte	5                               @ DW_FORM_data2
	.byte	0                               @ EOM(1)
	.byte	0                               @ EOM(2)
	.byte	7                               @ Abbreviation Code
	.byte	22                              @ DW_TAG_typedef
	.byte	0                               @ DW_CHILDREN_no
	.byte	73                              @ DW_AT_type
	.byte	19                              @ DW_FORM_ref4
	.byte	3                               @ DW_AT_name
	.byte	14                              @ DW_FORM_strp
	.byte	58                              @ DW_AT_decl_file
	.byte	11                              @ DW_FORM_data1
	.byte	59                              @ DW_AT_decl_line
	.byte	11                              @ DW_FORM_data1
	.byte	0                               @ EOM(1)
	.byte	0                               @ EOM(2)
	.byte	8                               @ Abbreviation Code
	.byte	36                              @ DW_TAG_base_type
	.byte	0                               @ DW_CHILDREN_no
	.byte	3                               @ DW_AT_name
	.byte	14                              @ DW_FORM_strp
	.byte	62                              @ DW_AT_encoding
	.byte	11                              @ DW_FORM_data1
	.byte	11                              @ DW_AT_byte_size
	.byte	11                              @ DW_FORM_data1
	.byte	0                               @ EOM(1)
	.byte	0                               @ EOM(2)
	.byte	9                               @ Abbreviation Code
	.byte	4                               @ DW_TAG_enumeration_type
	.byte	1                               @ DW_CHILDREN_yes
	.byte	73                              @ DW_AT_type
	.byte	19                              @ DW_FORM_ref4
	.byte	11                              @ DW_AT_byte_size
	.byte	11                              @ DW_FORM_data1
	.byte	58                              @ DW_AT_decl_file
	.byte	11                              @ DW_FORM_data1
	.byte	59                              @ DW_AT_decl_line
	.byte	11                              @ DW_FORM_data1
	.byte	0                               @ EOM(1)
	.byte	0                               @ EOM(2)
	.byte	10                              @ Abbreviation Code
	.byte	40                              @ DW_TAG_enumerator
	.byte	0                               @ DW_CHILDREN_no
	.byte	3                               @ DW_AT_name
	.byte	14                              @ DW_FORM_strp
	.byte	28                              @ DW_AT_const_value
	.byte	15                              @ DW_FORM_udata
	.byte	0                               @ EOM(1)
	.byte	0                               @ EOM(2)
	.byte	11                              @ Abbreviation Code
	.byte	1                               @ DW_TAG_array_type
	.byte	1                               @ DW_CHILDREN_yes
	.byte	73                              @ DW_AT_type
	.byte	19                              @ DW_FORM_ref4
	.byte	0                               @ EOM(1)
	.byte	0                               @ EOM(2)
	.byte	12                              @ Abbreviation Code
	.byte	33                              @ DW_TAG_subrange_type
	.byte	0                               @ DW_CHILDREN_no
	.byte	73                              @ DW_AT_type
	.byte	19                              @ DW_FORM_ref4
	.byte	55                              @ DW_AT_count
	.byte	11                              @ DW_FORM_data1
	.byte	0                               @ EOM(1)
	.byte	0                               @ EOM(2)
	.byte	13                              @ Abbreviation Code
	.byte	19                              @ DW_TAG_structure_type
	.byte	1                               @ DW_CHILDREN_yes
	.byte	11                              @ DW_AT_byte_size
	.byte	11                              @ DW_FORM_data1
	.byte	58                              @ DW_AT_decl_file
	.byte	11                              @ DW_FORM_data1
	.byte	59                              @ DW_AT_decl_line
	.byte	5                               @ DW_FORM_data2
	.byte	0                               @ EOM(1)
	.byte	0                               @ EOM(2)
	.byte	14                              @ Abbreviation Code
	.byte	36                              @ DW_TAG_base_type
	.byte	0                               @ DW_CHILDREN_no
	.byte	3                               @ DW_AT_name
	.byte	14                              @ DW_FORM_strp
	.byte	11                              @ DW_AT_byte_size
	.byte	11                              @ DW_FORM_data1
	.byte	62                              @ DW_AT_encoding
	.byte	11                              @ DW_FORM_data1
	.byte	0                               @ EOM(1)
	.byte	0                               @ EOM(2)
	.byte	15                              @ Abbreviation Code
	.byte	19                              @ DW_TAG_structure_type
	.byte	1                               @ DW_CHILDREN_yes
	.byte	3                               @ DW_AT_name
	.byte	14                              @ DW_FORM_strp
	.byte	11                              @ DW_AT_byte_size
	.byte	11                              @ DW_FORM_data1
	.byte	58                              @ DW_AT_decl_file
	.byte	11                              @ DW_FORM_data1
	.byte	59                              @ DW_AT_decl_line
	.byte	11                              @ DW_FORM_data1
	.byte	0                               @ EOM(1)
	.byte	0                               @ EOM(2)
	.byte	16                              @ Abbreviation Code
	.byte	13                              @ DW_TAG_member
	.byte	0                               @ DW_CHILDREN_no
	.byte	3                               @ DW_AT_name
	.byte	14                              @ DW_FORM_strp
	.byte	73                              @ DW_AT_type
	.byte	19                              @ DW_FORM_ref4
	.byte	58                              @ DW_AT_decl_file
	.byte	11                              @ DW_FORM_data1
	.byte	59                              @ DW_AT_decl_line
	.byte	11                              @ DW_FORM_data1
	.byte	56                              @ DW_AT_data_member_location
	.byte	11                              @ DW_FORM_data1
	.byte	0                               @ EOM(1)
	.byte	0                               @ EOM(2)
	.byte	17                              @ Abbreviation Code
	.byte	15                              @ DW_TAG_pointer_type
	.byte	0                               @ DW_CHILDREN_no
	.byte	73                              @ DW_AT_type
	.byte	19                              @ DW_FORM_ref4
	.byte	0                               @ EOM(1)
	.byte	0                               @ EOM(2)
	.byte	18                              @ Abbreviation Code
	.byte	19                              @ DW_TAG_structure_type
	.byte	1                               @ DW_CHILDREN_yes
	.byte	11                              @ DW_AT_byte_size
	.byte	11                              @ DW_FORM_data1
	.byte	58                              @ DW_AT_decl_file
	.byte	11                              @ DW_FORM_data1
	.byte	59                              @ DW_AT_decl_line
	.byte	11                              @ DW_FORM_data1
	.byte	0                               @ EOM(1)
	.byte	0                               @ EOM(2)
	.byte	19                              @ Abbreviation Code
	.byte	21                              @ DW_TAG_subroutine_type
	.byte	1                               @ DW_CHILDREN_yes
	.byte	73                              @ DW_AT_type
	.byte	19                              @ DW_FORM_ref4
	.byte	39                              @ DW_AT_prototyped
	.byte	25                              @ DW_FORM_flag_present
	.byte	0                               @ EOM(1)
	.byte	0                               @ EOM(2)
	.byte	20                              @ Abbreviation Code
	.byte	5                               @ DW_TAG_formal_parameter
	.byte	0                               @ DW_CHILDREN_no
	.byte	73                              @ DW_AT_type
	.byte	19                              @ DW_FORM_ref4
	.byte	0                               @ EOM(1)
	.byte	0                               @ EOM(2)
	.byte	21                              @ Abbreviation Code
	.byte	15                              @ DW_TAG_pointer_type
	.byte	0                               @ DW_CHILDREN_no
	.byte	0                               @ EOM(1)
	.byte	0                               @ EOM(2)
	.byte	22                              @ Abbreviation Code
	.byte	46                              @ DW_TAG_subprogram
	.byte	0                               @ DW_CHILDREN_no
	.byte	17                              @ DW_AT_low_pc
	.byte	1                               @ DW_FORM_addr
	.byte	18                              @ DW_AT_high_pc
	.byte	6                               @ DW_FORM_data4
	.byte	64                              @ DW_AT_frame_base
	.byte	24                              @ DW_FORM_exprloc
	.byte	3                               @ DW_AT_name
	.byte	14                              @ DW_FORM_strp
	.byte	58                              @ DW_AT_decl_file
	.byte	11                              @ DW_FORM_data1
	.byte	59                              @ DW_AT_decl_line
	.byte	11                              @ DW_FORM_data1
	.byte	39                              @ DW_AT_prototyped
	.byte	25                              @ DW_FORM_flag_present
	.byte	63                              @ DW_AT_external
	.byte	25                              @ DW_FORM_flag_present
	.byte	0                               @ EOM(1)
	.byte	0                               @ EOM(2)
	.byte	0                               @ EOM(3)
	.section	.debug_info,"",%progbits
.Lcu_begin0:
	.long	.Ldebug_info_end0-.Ldebug_info_start0 @ Length of Unit
.Ldebug_info_start0:
	.short	4                               @ DWARF version number
	.long	.debug_abbrev                   @ Offset Into Abbrev. Section
	.byte	4                               @ Address Size (in bytes)
	.byte	1                               @ Abbrev [1] 0xb:0x483 DW_TAG_compile_unit
	.long	.Linfo_string0                  @ DW_AT_producer
	.short	12                              @ DW_AT_language
	.long	.Linfo_string1                  @ DW_AT_name
	.long	.Lline_table_start0             @ DW_AT_stmt_list
	.long	.Linfo_string2                  @ DW_AT_comp_dir
	.long	.Lfunc_begin0                   @ DW_AT_low_pc
	.long	.Lfunc_end0-.Lfunc_begin0       @ DW_AT_high_pc
	.byte	2                               @ Abbrev [2] 0x26:0x11 DW_TAG_variable
	.long	.Linfo_string3                  @ DW_AT_name
	.long	55                              @ DW_AT_type
                                        @ DW_AT_external
	.byte	3                               @ DW_AT_decl_file
	.byte	73                              @ DW_AT_decl_line
	.byte	5                               @ DW_AT_location
	.byte	3
	.long	hUsbDeviceFS
	.byte	3                               @ Abbrev [3] 0x37:0xc DW_TAG_typedef
	.long	67                              @ DW_AT_type
	.long	.Linfo_string79                 @ DW_AT_name
	.byte	2                               @ DW_AT_decl_file
	.short	297                             @ DW_AT_decl_line
	.byte	4                               @ Abbrev [4] 0x43:0x155 DW_TAG_structure_type
	.long	.Linfo_string78                 @ DW_AT_name
	.short	720                             @ DW_AT_byte_size
	.byte	2                               @ DW_AT_decl_file
	.short	270                             @ DW_AT_decl_line
	.byte	5                               @ Abbrev [5] 0x4d:0xd DW_TAG_member
	.long	.Linfo_string4                  @ DW_AT_name
	.long	408                             @ DW_AT_type
	.byte	2                               @ DW_AT_decl_file
	.short	272                             @ DW_AT_decl_line
	.byte	0                               @ DW_AT_data_member_location
	.byte	5                               @ Abbrev [5] 0x5a:0xd DW_TAG_member
	.long	.Linfo_string7                  @ DW_AT_name
	.long	426                             @ DW_AT_type
	.byte	2                               @ DW_AT_decl_file
	.short	273                             @ DW_AT_decl_line
	.byte	4                               @ DW_AT_data_member_location
	.byte	5                               @ Abbrev [5] 0x67:0xd DW_TAG_member
	.long	.Linfo_string10                 @ DW_AT_name
	.long	426                             @ DW_AT_type
	.byte	2                               @ DW_AT_decl_file
	.short	274                             @ DW_AT_decl_line
	.byte	8                               @ DW_AT_data_member_location
	.byte	5                               @ Abbrev [5] 0x74:0xd DW_TAG_member
	.long	.Linfo_string11                 @ DW_AT_name
	.long	426                             @ DW_AT_type
	.byte	2                               @ DW_AT_decl_file
	.short	275                             @ DW_AT_decl_line
	.byte	12                              @ DW_AT_data_member_location
	.byte	5                               @ Abbrev [5] 0x81:0xd DW_TAG_member
	.long	.Linfo_string12                 @ DW_AT_name
	.long	444                             @ DW_AT_type
	.byte	2                               @ DW_AT_decl_file
	.short	276                             @ DW_AT_decl_line
	.byte	16                              @ DW_AT_data_member_location
	.byte	5                               @ Abbrev [5] 0x8e:0xd DW_TAG_member
	.long	.Linfo_string17                 @ DW_AT_name
	.long	482                             @ DW_AT_type
	.byte	2                               @ DW_AT_decl_file
	.short	277                             @ DW_AT_decl_line
	.byte	20                              @ DW_AT_data_member_location
	.byte	6                               @ Abbrev [6] 0x9b:0xe DW_TAG_member
	.long	.Linfo_string28                 @ DW_AT_name
	.long	482                             @ DW_AT_type
	.byte	2                               @ DW_AT_decl_file
	.short	278                             @ DW_AT_decl_line
	.short	340                             @ DW_AT_data_member_location
	.byte	6                               @ Abbrev [6] 0xa9:0xe DW_TAG_member
	.long	.Linfo_string29                 @ DW_AT_name
	.long	426                             @ DW_AT_type
	.byte	2                               @ DW_AT_decl_file
	.short	279                             @ DW_AT_decl_line
	.short	660                             @ DW_AT_data_member_location
	.byte	6                               @ Abbrev [6] 0xb7:0xe DW_TAG_member
	.long	.Linfo_string30                 @ DW_AT_name
	.long	426                             @ DW_AT_type
	.byte	2                               @ DW_AT_decl_file
	.short	280                             @ DW_AT_decl_line
	.short	664                             @ DW_AT_data_member_location
	.byte	6                               @ Abbrev [6] 0xc5:0xe DW_TAG_member
	.long	.Linfo_string31                 @ DW_AT_name
	.long	408                             @ DW_AT_type
	.byte	2                               @ DW_AT_decl_file
	.short	281                             @ DW_AT_decl_line
	.short	668                             @ DW_AT_data_member_location
	.byte	6                               @ Abbrev [6] 0xd3:0xe DW_TAG_member
	.long	.Linfo_string32                 @ DW_AT_name
	.long	408                             @ DW_AT_type
	.byte	2                               @ DW_AT_decl_file
	.short	282                             @ DW_AT_decl_line
	.short	669                             @ DW_AT_data_member_location
	.byte	6                               @ Abbrev [6] 0xe1:0xe DW_TAG_member
	.long	.Linfo_string33                 @ DW_AT_name
	.long	408                             @ DW_AT_type
	.byte	2                               @ DW_AT_decl_file
	.short	283                             @ DW_AT_decl_line
	.short	670                             @ DW_AT_data_member_location
	.byte	6                               @ Abbrev [6] 0xef:0xe DW_TAG_member
	.long	.Linfo_string34                 @ DW_AT_name
	.long	408                             @ DW_AT_type
	.byte	2                               @ DW_AT_decl_file
	.short	284                             @ DW_AT_decl_line
	.short	671                             @ DW_AT_data_member_location
	.byte	6                               @ Abbrev [6] 0xfd:0xe DW_TAG_member
	.long	.Linfo_string35                 @ DW_AT_name
	.long	408                             @ DW_AT_type
	.byte	2                               @ DW_AT_decl_file
	.short	285                             @ DW_AT_decl_line
	.short	672                             @ DW_AT_data_member_location
	.byte	6                               @ Abbrev [6] 0x10b:0xe DW_TAG_member
	.long	.Linfo_string36                 @ DW_AT_name
	.long	426                             @ DW_AT_type
	.byte	2                               @ DW_AT_decl_file
	.short	286                             @ DW_AT_decl_line
	.short	676                             @ DW_AT_data_member_location
	.byte	6                               @ Abbrev [6] 0x119:0xe DW_TAG_member
	.long	.Linfo_string37                 @ DW_AT_name
	.long	408                             @ DW_AT_type
	.byte	2                               @ DW_AT_decl_file
	.short	287                             @ DW_AT_decl_line
	.short	680                             @ DW_AT_data_member_location
	.byte	6                               @ Abbrev [6] 0x127:0xe DW_TAG_member
	.long	.Linfo_string38                 @ DW_AT_name
	.long	615                             @ DW_AT_type
	.byte	2                               @ DW_AT_decl_file
	.short	289                             @ DW_AT_decl_line
	.short	682                             @ DW_AT_data_member_location
	.byte	6                               @ Abbrev [6] 0x135:0xe DW_TAG_member
	.long	.Linfo_string46                 @ DW_AT_name
	.long	695                             @ DW_AT_type
	.byte	2                               @ DW_AT_decl_file
	.short	290                             @ DW_AT_decl_line
	.short	692                             @ DW_AT_data_member_location
	.byte	6                               @ Abbrev [6] 0x143:0xe DW_TAG_member
	.long	.Linfo_string55                 @ DW_AT_name
	.long	832                             @ DW_AT_type
	.byte	2                               @ DW_AT_decl_file
	.short	291                             @ DW_AT_decl_line
	.short	696                             @ DW_AT_data_member_location
	.byte	6                               @ Abbrev [6] 0x151:0xe DW_TAG_member
	.long	.Linfo_string73                 @ DW_AT_name
	.long	1147                            @ DW_AT_type
	.byte	2                               @ DW_AT_decl_file
	.short	292                             @ DW_AT_decl_line
	.short	700                             @ DW_AT_data_member_location
	.byte	6                               @ Abbrev [6] 0x15f:0xe DW_TAG_member
	.long	.Linfo_string74                 @ DW_AT_name
	.long	1147                            @ DW_AT_type
	.byte	2                               @ DW_AT_decl_file
	.short	293                             @ DW_AT_decl_line
	.short	704                             @ DW_AT_data_member_location
	.byte	6                               @ Abbrev [6] 0x16d:0xe DW_TAG_member
	.long	.Linfo_string75                 @ DW_AT_name
	.long	1147                            @ DW_AT_type
	.byte	2                               @ DW_AT_decl_file
	.short	294                             @ DW_AT_decl_line
	.short	708                             @ DW_AT_data_member_location
	.byte	6                               @ Abbrev [6] 0x17b:0xe DW_TAG_member
	.long	.Linfo_string76                 @ DW_AT_name
	.long	1147                            @ DW_AT_type
	.byte	2                               @ DW_AT_decl_file
	.short	295                             @ DW_AT_decl_line
	.short	712                             @ DW_AT_data_member_location
	.byte	6                               @ Abbrev [6] 0x189:0xe DW_TAG_member
	.long	.Linfo_string77                 @ DW_AT_name
	.long	1147                            @ DW_AT_type
	.byte	2                               @ DW_AT_decl_file
	.short	296                             @ DW_AT_decl_line
	.short	716                             @ DW_AT_data_member_location
	.byte	0                               @ End Of Children Mark
	.byte	7                               @ Abbrev [7] 0x198:0xb DW_TAG_typedef
	.long	419                             @ DW_AT_type
	.long	.Linfo_string6                  @ DW_AT_name
	.byte	1                               @ DW_AT_decl_file
	.byte	62                              @ DW_AT_decl_line
	.byte	8                               @ Abbrev [8] 0x1a3:0x7 DW_TAG_base_type
	.long	.Linfo_string5                  @ DW_AT_name
	.byte	8                               @ DW_AT_encoding
	.byte	1                               @ DW_AT_byte_size
	.byte	7                               @ Abbrev [7] 0x1aa:0xb DW_TAG_typedef
	.long	437                             @ DW_AT_type
	.long	.Linfo_string9                  @ DW_AT_name
	.byte	1                               @ DW_AT_decl_file
	.byte	64                              @ DW_AT_decl_line
	.byte	8                               @ Abbrev [8] 0x1b5:0x7 DW_TAG_base_type
	.long	.Linfo_string8                  @ DW_AT_name
	.byte	7                               @ DW_AT_encoding
	.byte	4                               @ DW_AT_byte_size
	.byte	7                               @ Abbrev [7] 0x1bc:0xb DW_TAG_typedef
	.long	455                             @ DW_AT_type
	.long	.Linfo_string16                 @ DW_AT_name
	.byte	2                               @ DW_AT_decl_file
	.byte	229                             @ DW_AT_decl_line
	.byte	9                               @ Abbrev [9] 0x1c7:0x1b DW_TAG_enumeration_type
	.long	419                             @ DW_AT_type
	.byte	1                               @ DW_AT_byte_size
	.byte	2                               @ DW_AT_decl_file
	.byte	224                             @ DW_AT_decl_line
	.byte	10                              @ Abbrev [10] 0x1cf:0x6 DW_TAG_enumerator
	.long	.Linfo_string13                 @ DW_AT_name
	.byte	0                               @ DW_AT_const_value
	.byte	10                              @ Abbrev [10] 0x1d5:0x6 DW_TAG_enumerator
	.long	.Linfo_string14                 @ DW_AT_name
	.byte	1                               @ DW_AT_const_value
	.byte	10                              @ Abbrev [10] 0x1db:0x6 DW_TAG_enumerator
	.long	.Linfo_string15                 @ DW_AT_name
	.byte	2                               @ DW_AT_const_value
	.byte	0                               @ End Of Children Mark
	.byte	11                              @ Abbrev [11] 0x1e2:0xc DW_TAG_array_type
	.long	494                             @ DW_AT_type
	.byte	12                              @ Abbrev [12] 0x1e7:0x6 DW_TAG_subrange_type
	.long	608                             @ DW_AT_type
	.byte	16                              @ DW_AT_count
	.byte	0                               @ End Of Children Mark
	.byte	3                               @ Abbrev [3] 0x1ee:0xc DW_TAG_typedef
	.long	506                             @ DW_AT_type
	.long	.Linfo_string26                 @ DW_AT_name
	.byte	2                               @ DW_AT_decl_file
	.short	267                             @ DW_AT_decl_line
	.byte	13                              @ Abbrev [13] 0x1fa:0x54 DW_TAG_structure_type
	.byte	20                              @ DW_AT_byte_size
	.byte	2                               @ DW_AT_decl_file
	.short	259                             @ DW_AT_decl_line
	.byte	5                               @ Abbrev [5] 0x1ff:0xd DW_TAG_member
	.long	.Linfo_string18                 @ DW_AT_name
	.long	426                             @ DW_AT_type
	.byte	2                               @ DW_AT_decl_file
	.short	261                             @ DW_AT_decl_line
	.byte	0                               @ DW_AT_data_member_location
	.byte	5                               @ Abbrev [5] 0x20c:0xd DW_TAG_member
	.long	.Linfo_string19                 @ DW_AT_name
	.long	426                             @ DW_AT_type
	.byte	2                               @ DW_AT_decl_file
	.short	262                             @ DW_AT_decl_line
	.byte	4                               @ DW_AT_data_member_location
	.byte	5                               @ Abbrev [5] 0x219:0xd DW_TAG_member
	.long	.Linfo_string20                 @ DW_AT_name
	.long	426                             @ DW_AT_type
	.byte	2                               @ DW_AT_decl_file
	.short	263                             @ DW_AT_decl_line
	.byte	8                               @ DW_AT_data_member_location
	.byte	5                               @ Abbrev [5] 0x226:0xd DW_TAG_member
	.long	.Linfo_string21                 @ DW_AT_name
	.long	426                             @ DW_AT_type
	.byte	2                               @ DW_AT_decl_file
	.short	264                             @ DW_AT_decl_line
	.byte	12                              @ DW_AT_data_member_location
	.byte	5                               @ Abbrev [5] 0x233:0xd DW_TAG_member
	.long	.Linfo_string22                 @ DW_AT_name
	.long	590                             @ DW_AT_type
	.byte	2                               @ DW_AT_decl_file
	.short	265                             @ DW_AT_decl_line
	.byte	16                              @ DW_AT_data_member_location
	.byte	5                               @ Abbrev [5] 0x240:0xd DW_TAG_member
	.long	.Linfo_string25                 @ DW_AT_name
	.long	590                             @ DW_AT_type
	.byte	2                               @ DW_AT_decl_file
	.short	266                             @ DW_AT_decl_line
	.byte	18                              @ DW_AT_data_member_location
	.byte	0                               @ End Of Children Mark
	.byte	7                               @ Abbrev [7] 0x24e:0xb DW_TAG_typedef
	.long	601                             @ DW_AT_type
	.long	.Linfo_string24                 @ DW_AT_name
	.byte	1                               @ DW_AT_decl_file
	.byte	63                              @ DW_AT_decl_line
	.byte	8                               @ Abbrev [8] 0x259:0x7 DW_TAG_base_type
	.long	.Linfo_string23                 @ DW_AT_name
	.byte	7                               @ DW_AT_encoding
	.byte	2                               @ DW_AT_byte_size
	.byte	14                              @ Abbrev [14] 0x260:0x7 DW_TAG_base_type
	.long	.Linfo_string27                 @ DW_AT_name
	.byte	8                               @ DW_AT_byte_size
	.byte	7                               @ DW_AT_encoding
	.byte	7                               @ Abbrev [7] 0x267:0xb DW_TAG_typedef
	.long	626                             @ DW_AT_type
	.long	.Linfo_string45                 @ DW_AT_name
	.byte	2                               @ DW_AT_decl_file
	.byte	172                             @ DW_AT_decl_line
	.byte	15                              @ Abbrev [15] 0x272:0x45 DW_TAG_structure_type
	.long	.Linfo_string44                 @ DW_AT_name
	.byte	8                               @ DW_AT_byte_size
	.byte	2                               @ DW_AT_decl_file
	.byte	165                             @ DW_AT_decl_line
	.byte	16                              @ Abbrev [16] 0x27a:0xc DW_TAG_member
	.long	.Linfo_string39                 @ DW_AT_name
	.long	408                             @ DW_AT_type
	.byte	2                               @ DW_AT_decl_file
	.byte	167                             @ DW_AT_decl_line
	.byte	0                               @ DW_AT_data_member_location
	.byte	16                              @ Abbrev [16] 0x286:0xc DW_TAG_member
	.long	.Linfo_string40                 @ DW_AT_name
	.long	408                             @ DW_AT_type
	.byte	2                               @ DW_AT_decl_file
	.byte	168                             @ DW_AT_decl_line
	.byte	1                               @ DW_AT_data_member_location
	.byte	16                              @ Abbrev [16] 0x292:0xc DW_TAG_member
	.long	.Linfo_string41                 @ DW_AT_name
	.long	590                             @ DW_AT_type
	.byte	2                               @ DW_AT_decl_file
	.byte	169                             @ DW_AT_decl_line
	.byte	2                               @ DW_AT_data_member_location
	.byte	16                              @ Abbrev [16] 0x29e:0xc DW_TAG_member
	.long	.Linfo_string42                 @ DW_AT_name
	.long	590                             @ DW_AT_type
	.byte	2                               @ DW_AT_decl_file
	.byte	170                             @ DW_AT_decl_line
	.byte	4                               @ DW_AT_data_member_location
	.byte	16                              @ Abbrev [16] 0x2aa:0xc DW_TAG_member
	.long	.Linfo_string43                 @ DW_AT_name
	.long	590                             @ DW_AT_type
	.byte	2                               @ DW_AT_decl_file
	.byte	171                             @ DW_AT_decl_line
	.byte	6                               @ DW_AT_data_member_location
	.byte	0                               @ End Of Children Mark
	.byte	17                              @ Abbrev [17] 0x2b7:0x5 DW_TAG_pointer_type
	.long	700                             @ DW_AT_type
	.byte	3                               @ Abbrev [3] 0x2bc:0xc DW_TAG_typedef
	.long	712                             @ DW_AT_type
	.long	.Linfo_string54                 @ DW_AT_name
	.byte	2                               @ DW_AT_decl_file
	.short	256                             @ DW_AT_decl_line
	.byte	18                              @ Abbrev [18] 0x2c8:0x59 DW_TAG_structure_type
	.byte	28                              @ DW_AT_byte_size
	.byte	2                               @ DW_AT_decl_file
	.byte	241                             @ DW_AT_decl_line
	.byte	16                              @ Abbrev [16] 0x2cc:0xc DW_TAG_member
	.long	.Linfo_string47                 @ DW_AT_name
	.long	801                             @ DW_AT_type
	.byte	2                               @ DW_AT_decl_file
	.byte	243                             @ DW_AT_decl_line
	.byte	0                               @ DW_AT_data_member_location
	.byte	16                              @ Abbrev [16] 0x2d8:0xc DW_TAG_member
	.long	.Linfo_string48                 @ DW_AT_name
	.long	801                             @ DW_AT_type
	.byte	2                               @ DW_AT_decl_file
	.byte	244                             @ DW_AT_decl_line
	.byte	4                               @ DW_AT_data_member_location
	.byte	16                              @ Abbrev [16] 0x2e4:0xc DW_TAG_member
	.long	.Linfo_string49                 @ DW_AT_name
	.long	801                             @ DW_AT_type
	.byte	2                               @ DW_AT_decl_file
	.byte	245                             @ DW_AT_decl_line
	.byte	8                               @ DW_AT_data_member_location
	.byte	16                              @ Abbrev [16] 0x2f0:0xc DW_TAG_member
	.long	.Linfo_string50                 @ DW_AT_name
	.long	801                             @ DW_AT_type
	.byte	2                               @ DW_AT_decl_file
	.byte	246                             @ DW_AT_decl_line
	.byte	12                              @ DW_AT_data_member_location
	.byte	16                              @ Abbrev [16] 0x2fc:0xc DW_TAG_member
	.long	.Linfo_string51                 @ DW_AT_name
	.long	801                             @ DW_AT_type
	.byte	2                               @ DW_AT_decl_file
	.byte	247                             @ DW_AT_decl_line
	.byte	16                              @ DW_AT_data_member_location
	.byte	16                              @ Abbrev [16] 0x308:0xc DW_TAG_member
	.long	.Linfo_string52                 @ DW_AT_name
	.long	801                             @ DW_AT_type
	.byte	2                               @ DW_AT_decl_file
	.byte	248                             @ DW_AT_decl_line
	.byte	20                              @ DW_AT_data_member_location
	.byte	16                              @ Abbrev [16] 0x314:0xc DW_TAG_member
	.long	.Linfo_string53                 @ DW_AT_name
	.long	801                             @ DW_AT_type
	.byte	2                               @ DW_AT_decl_file
	.byte	249                             @ DW_AT_decl_line
	.byte	24                              @ DW_AT_data_member_location
	.byte	0                               @ End Of Children Mark
	.byte	17                              @ Abbrev [17] 0x321:0x5 DW_TAG_pointer_type
	.long	806                             @ DW_AT_type
	.byte	19                              @ Abbrev [19] 0x326:0x10 DW_TAG_subroutine_type
	.long	822                             @ DW_AT_type
                                        @ DW_AT_prototyped
	.byte	20                              @ Abbrev [20] 0x32b:0x5 DW_TAG_formal_parameter
	.long	444                             @ DW_AT_type
	.byte	20                              @ Abbrev [20] 0x330:0x5 DW_TAG_formal_parameter
	.long	827                             @ DW_AT_type
	.byte	0                               @ End Of Children Mark
	.byte	17                              @ Abbrev [17] 0x336:0x5 DW_TAG_pointer_type
	.long	408                             @ DW_AT_type
	.byte	17                              @ Abbrev [17] 0x33b:0x5 DW_TAG_pointer_type
	.long	590                             @ DW_AT_type
	.byte	17                              @ Abbrev [17] 0x340:0x5 DW_TAG_pointer_type
	.long	837                             @ DW_AT_type
	.byte	7                               @ Abbrev [7] 0x345:0xb DW_TAG_typedef
	.long	848                             @ DW_AT_type
	.long	.Linfo_string72                 @ DW_AT_name
	.byte	2                               @ DW_AT_decl_file
	.byte	221                             @ DW_AT_decl_line
	.byte	15                              @ Abbrev [15] 0x350:0xbd DW_TAG_structure_type
	.long	.Linfo_string71                 @ DW_AT_name
	.byte	60                              @ DW_AT_byte_size
	.byte	2                               @ DW_AT_decl_file
	.byte	198                             @ DW_AT_decl_line
	.byte	16                              @ Abbrev [16] 0x358:0xc DW_TAG_member
	.long	.Linfo_string56                 @ DW_AT_name
	.long	1037                            @ DW_AT_type
	.byte	2                               @ DW_AT_decl_file
	.byte	200                             @ DW_AT_decl_line
	.byte	0                               @ DW_AT_data_member_location
	.byte	16                              @ Abbrev [16] 0x364:0xc DW_TAG_member
	.long	.Linfo_string57                 @ DW_AT_name
	.long	1037                            @ DW_AT_type
	.byte	2                               @ DW_AT_decl_file
	.byte	201                             @ DW_AT_decl_line
	.byte	4                               @ DW_AT_data_member_location
	.byte	16                              @ Abbrev [16] 0x370:0xc DW_TAG_member
	.long	.Linfo_string58                 @ DW_AT_name
	.long	1063                            @ DW_AT_type
	.byte	2                               @ DW_AT_decl_file
	.byte	203                             @ DW_AT_decl_line
	.byte	8                               @ DW_AT_data_member_location
	.byte	16                              @ Abbrev [16] 0x37c:0xc DW_TAG_member
	.long	.Linfo_string59                 @ DW_AT_name
	.long	1089                            @ DW_AT_type
	.byte	2                               @ DW_AT_decl_file
	.byte	204                             @ DW_AT_decl_line
	.byte	12                              @ DW_AT_data_member_location
	.byte	16                              @ Abbrev [16] 0x388:0xc DW_TAG_member
	.long	.Linfo_string60                 @ DW_AT_name
	.long	1089                            @ DW_AT_type
	.byte	2                               @ DW_AT_decl_file
	.byte	205                             @ DW_AT_decl_line
	.byte	16                              @ DW_AT_data_member_location
	.byte	16                              @ Abbrev [16] 0x394:0xc DW_TAG_member
	.long	.Linfo_string61                 @ DW_AT_name
	.long	1037                            @ DW_AT_type
	.byte	2                               @ DW_AT_decl_file
	.byte	207                             @ DW_AT_decl_line
	.byte	20                              @ DW_AT_data_member_location
	.byte	16                              @ Abbrev [16] 0x3a0:0xc DW_TAG_member
	.long	.Linfo_string62                 @ DW_AT_name
	.long	1037                            @ DW_AT_type
	.byte	2                               @ DW_AT_decl_file
	.byte	208                             @ DW_AT_decl_line
	.byte	24                              @ DW_AT_data_member_location
	.byte	16                              @ Abbrev [16] 0x3ac:0xc DW_TAG_member
	.long	.Linfo_string63                 @ DW_AT_name
	.long	1089                            @ DW_AT_type
	.byte	2                               @ DW_AT_decl_file
	.byte	209                             @ DW_AT_decl_line
	.byte	28                              @ DW_AT_data_member_location
	.byte	16                              @ Abbrev [16] 0x3b8:0xc DW_TAG_member
	.long	.Linfo_string64                 @ DW_AT_name
	.long	1037                            @ DW_AT_type
	.byte	2                               @ DW_AT_decl_file
	.byte	210                             @ DW_AT_decl_line
	.byte	32                              @ DW_AT_data_member_location
	.byte	16                              @ Abbrev [16] 0x3c4:0xc DW_TAG_member
	.long	.Linfo_string65                 @ DW_AT_name
	.long	1037                            @ DW_AT_type
	.byte	2                               @ DW_AT_decl_file
	.byte	211                             @ DW_AT_decl_line
	.byte	36                              @ DW_AT_data_member_location
	.byte	16                              @ Abbrev [16] 0x3d0:0xc DW_TAG_member
	.long	.Linfo_string66                 @ DW_AT_name
	.long	1105                            @ DW_AT_type
	.byte	2                               @ DW_AT_decl_file
	.byte	213                             @ DW_AT_decl_line
	.byte	40                              @ DW_AT_data_member_location
	.byte	16                              @ Abbrev [16] 0x3dc:0xc DW_TAG_member
	.long	.Linfo_string67                 @ DW_AT_name
	.long	1105                            @ DW_AT_type
	.byte	2                               @ DW_AT_decl_file
	.byte	214                             @ DW_AT_decl_line
	.byte	44                              @ DW_AT_data_member_location
	.byte	16                              @ Abbrev [16] 0x3e8:0xc DW_TAG_member
	.long	.Linfo_string68                 @ DW_AT_name
	.long	1105                            @ DW_AT_type
	.byte	2                               @ DW_AT_decl_file
	.byte	215                             @ DW_AT_decl_line
	.byte	48                              @ DW_AT_data_member_location
	.byte	16                              @ Abbrev [16] 0x3f4:0xc DW_TAG_member
	.long	.Linfo_string69                 @ DW_AT_name
	.long	1105                            @ DW_AT_type
	.byte	2                               @ DW_AT_decl_file
	.byte	216                             @ DW_AT_decl_line
	.byte	52                              @ DW_AT_data_member_location
	.byte	16                              @ Abbrev [16] 0x400:0xc DW_TAG_member
	.long	.Linfo_string70                 @ DW_AT_name
	.long	1121                            @ DW_AT_type
	.byte	2                               @ DW_AT_decl_file
	.byte	218                             @ DW_AT_decl_line
	.byte	56                              @ DW_AT_data_member_location
	.byte	0                               @ End Of Children Mark
	.byte	17                              @ Abbrev [17] 0x40d:0x5 DW_TAG_pointer_type
	.long	1042                            @ DW_AT_type
	.byte	19                              @ Abbrev [19] 0x412:0x10 DW_TAG_subroutine_type
	.long	408                             @ DW_AT_type
                                        @ DW_AT_prototyped
	.byte	20                              @ Abbrev [20] 0x417:0x5 DW_TAG_formal_parameter
	.long	1058                            @ DW_AT_type
	.byte	20                              @ Abbrev [20] 0x41c:0x5 DW_TAG_formal_parameter
	.long	408                             @ DW_AT_type
	.byte	0                               @ End Of Children Mark
	.byte	17                              @ Abbrev [17] 0x422:0x5 DW_TAG_pointer_type
	.long	67                              @ DW_AT_type
	.byte	17                              @ Abbrev [17] 0x427:0x5 DW_TAG_pointer_type
	.long	1068                            @ DW_AT_type
	.byte	19                              @ Abbrev [19] 0x42c:0x10 DW_TAG_subroutine_type
	.long	408                             @ DW_AT_type
                                        @ DW_AT_prototyped
	.byte	20                              @ Abbrev [20] 0x431:0x5 DW_TAG_formal_parameter
	.long	1058                            @ DW_AT_type
	.byte	20                              @ Abbrev [20] 0x436:0x5 DW_TAG_formal_parameter
	.long	1084                            @ DW_AT_type
	.byte	0                               @ End Of Children Mark
	.byte	17                              @ Abbrev [17] 0x43c:0x5 DW_TAG_pointer_type
	.long	615                             @ DW_AT_type
	.byte	17                              @ Abbrev [17] 0x441:0x5 DW_TAG_pointer_type
	.long	1094                            @ DW_AT_type
	.byte	19                              @ Abbrev [19] 0x446:0xb DW_TAG_subroutine_type
	.long	408                             @ DW_AT_type
                                        @ DW_AT_prototyped
	.byte	20                              @ Abbrev [20] 0x44b:0x5 DW_TAG_formal_parameter
	.long	1058                            @ DW_AT_type
	.byte	0                               @ End Of Children Mark
	.byte	17                              @ Abbrev [17] 0x451:0x5 DW_TAG_pointer_type
	.long	1110                            @ DW_AT_type
	.byte	19                              @ Abbrev [19] 0x456:0xb DW_TAG_subroutine_type
	.long	822                             @ DW_AT_type
                                        @ DW_AT_prototyped
	.byte	20                              @ Abbrev [20] 0x45b:0x5 DW_TAG_formal_parameter
	.long	827                             @ DW_AT_type
	.byte	0                               @ End Of Children Mark
	.byte	17                              @ Abbrev [17] 0x461:0x5 DW_TAG_pointer_type
	.long	1126                            @ DW_AT_type
	.byte	19                              @ Abbrev [19] 0x466:0x15 DW_TAG_subroutine_type
	.long	822                             @ DW_AT_type
                                        @ DW_AT_prototyped
	.byte	20                              @ Abbrev [20] 0x46b:0x5 DW_TAG_formal_parameter
	.long	1058                            @ DW_AT_type
	.byte	20                              @ Abbrev [20] 0x470:0x5 DW_TAG_formal_parameter
	.long	408                             @ DW_AT_type
	.byte	20                              @ Abbrev [20] 0x475:0x5 DW_TAG_formal_parameter
	.long	827                             @ DW_AT_type
	.byte	0                               @ End Of Children Mark
	.byte	21                              @ Abbrev [21] 0x47b:0x1 DW_TAG_pointer_type
	.byte	22                              @ Abbrev [22] 0x47c:0x11 DW_TAG_subprogram
	.long	.Lfunc_begin0                   @ DW_AT_low_pc
	.long	.Lfunc_end0-.Lfunc_begin0       @ DW_AT_high_pc
	.byte	1                               @ DW_AT_frame_base
	.byte	93
	.long	.Linfo_string80                 @ DW_AT_name
	.byte	3                               @ DW_AT_decl_file
	.byte	93                              @ DW_AT_decl_line
                                        @ DW_AT_prototyped
                                        @ DW_AT_external
	.byte	0                               @ End Of Children Mark
.Ldebug_info_end0:
	.section	.debug_str,"MS",%progbits,1
.Linfo_string0:
	.asciz	"Component: Arm Compiler for Embedded 6.21 Tool: armclang [5ec1fd00]" @ string offset=0
.Linfo_string1:
	.asciz	"../Board/v3/Src\\usb_device.c" @ string offset=68
.Linfo_string2:
	.asciz	"D:\\ikingtec\\Robot\\ODrive\\Firmware\\MDK-ARM" @ string offset=97
.Linfo_string3:
	.asciz	"hUsbDeviceFS"                  @ string offset=139
.Linfo_string4:
	.asciz	"id"                            @ string offset=152
.Linfo_string5:
	.asciz	"unsigned char"                 @ string offset=155
.Linfo_string6:
	.asciz	"uint8_t"                       @ string offset=169
.Linfo_string7:
	.asciz	"dev_config"                    @ string offset=177
.Linfo_string8:
	.asciz	"unsigned int"                  @ string offset=188
.Linfo_string9:
	.asciz	"uint32_t"                      @ string offset=201
.Linfo_string10:
	.asciz	"dev_default_config"            @ string offset=210
.Linfo_string11:
	.asciz	"dev_config_status"             @ string offset=229
.Linfo_string12:
	.asciz	"dev_speed"                     @ string offset=247
.Linfo_string13:
	.asciz	"USBD_SPEED_HIGH"               @ string offset=257
.Linfo_string14:
	.asciz	"USBD_SPEED_FULL"               @ string offset=273
.Linfo_string15:
	.asciz	"USBD_SPEED_LOW"                @ string offset=289
.Linfo_string16:
	.asciz	"USBD_SpeedTypeDef"             @ string offset=304
.Linfo_string17:
	.asciz	"ep_in"                         @ string offset=322
.Linfo_string18:
	.asciz	"status"                        @ string offset=328
.Linfo_string19:
	.asciz	"total_length"                  @ string offset=335
.Linfo_string20:
	.asciz	"rem_length"                    @ string offset=348
.Linfo_string21:
	.asciz	"maxpacket"                     @ string offset=359
.Linfo_string22:
	.asciz	"is_used"                       @ string offset=369
.Linfo_string23:
	.asciz	"unsigned short"                @ string offset=377
.Linfo_string24:
	.asciz	"uint16_t"                      @ string offset=392
.Linfo_string25:
	.asciz	"bInterval"                     @ string offset=401
.Linfo_string26:
	.asciz	"USBD_EndpointTypeDef"          @ string offset=411
.Linfo_string27:
	.asciz	"__ARRAY_SIZE_TYPE__"           @ string offset=432
.Linfo_string28:
	.asciz	"ep_out"                        @ string offset=452
.Linfo_string29:
	.asciz	"ep0_state"                     @ string offset=459
.Linfo_string30:
	.asciz	"ep0_data_len"                  @ string offset=469
.Linfo_string31:
	.asciz	"dev_state"                     @ string offset=482
.Linfo_string32:
	.asciz	"dev_old_state"                 @ string offset=492
.Linfo_string33:
	.asciz	"dev_address"                   @ string offset=506
.Linfo_string34:
	.asciz	"dev_connection_status"         @ string offset=518
.Linfo_string35:
	.asciz	"dev_test_mode"                 @ string offset=540
.Linfo_string36:
	.asciz	"dev_remote_wakeup"             @ string offset=554
.Linfo_string37:
	.asciz	"ConfIdx"                       @ string offset=572
.Linfo_string38:
	.asciz	"request"                       @ string offset=580
.Linfo_string39:
	.asciz	"bmRequest"                     @ string offset=588
.Linfo_string40:
	.asciz	"bRequest"                      @ string offset=598
.Linfo_string41:
	.asciz	"wValue"                        @ string offset=607
.Linfo_string42:
	.asciz	"wIndex"                        @ string offset=614
.Linfo_string43:
	.asciz	"wLength"                       @ string offset=621
.Linfo_string44:
	.asciz	"usb_setup_req"                 @ string offset=629
.Linfo_string45:
	.asciz	"USBD_SetupReqTypedef"          @ string offset=643
.Linfo_string46:
	.asciz	"pDesc"                         @ string offset=664
.Linfo_string47:
	.asciz	"GetDeviceDescriptor"           @ string offset=670
.Linfo_string48:
	.asciz	"GetLangIDStrDescriptor"        @ string offset=690
.Linfo_string49:
	.asciz	"GetManufacturerStrDescriptor"  @ string offset=713
.Linfo_string50:
	.asciz	"GetProductStrDescriptor"       @ string offset=742
.Linfo_string51:
	.asciz	"GetSerialStrDescriptor"        @ string offset=766
.Linfo_string52:
	.asciz	"GetConfigurationStrDescriptor" @ string offset=789
.Linfo_string53:
	.asciz	"GetInterfaceStrDescriptor"     @ string offset=819
.Linfo_string54:
	.asciz	"USBD_DescriptorsTypeDef"       @ string offset=845
.Linfo_string55:
	.asciz	"pClass"                        @ string offset=869
.Linfo_string56:
	.asciz	"Init"                          @ string offset=876
.Linfo_string57:
	.asciz	"DeInit"                        @ string offset=881
.Linfo_string58:
	.asciz	"Setup"                         @ string offset=888
.Linfo_string59:
	.asciz	"EP0_TxSent"                    @ string offset=894
.Linfo_string60:
	.asciz	"EP0_RxReady"                   @ string offset=905
.Linfo_string61:
	.asciz	"DataIn"                        @ string offset=917
.Linfo_string62:
	.asciz	"DataOut"                       @ string offset=924
.Linfo_string63:
	.asciz	"SOF"                           @ string offset=932
.Linfo_string64:
	.asciz	"IsoINIncomplete"               @ string offset=936
.Linfo_string65:
	.asciz	"IsoOUTIncomplete"              @ string offset=952
.Linfo_string66:
	.asciz	"GetHSConfigDescriptor"         @ string offset=969
.Linfo_string67:
	.asciz	"GetFSConfigDescriptor"         @ string offset=991
.Linfo_string68:
	.asciz	"GetOtherSpeedConfigDescriptor" @ string offset=1013
.Linfo_string69:
	.asciz	"GetDeviceQualifierDescriptor"  @ string offset=1043
.Linfo_string70:
	.asciz	"GetUsrStrDescriptor"           @ string offset=1072
.Linfo_string71:
	.asciz	"_Device_cb"                    @ string offset=1092
.Linfo_string72:
	.asciz	"USBD_ClassTypeDef"             @ string offset=1103
.Linfo_string73:
	.asciz	"pClassData"                    @ string offset=1121
.Linfo_string74:
	.asciz	"pUserData"                     @ string offset=1132
.Linfo_string75:
	.asciz	"pData"                         @ string offset=1142
.Linfo_string76:
	.asciz	"pBosDesc"                      @ string offset=1148
.Linfo_string77:
	.asciz	"pConfDesc"                     @ string offset=1157
.Linfo_string78:
	.asciz	"_USBD_HandleTypeDef"           @ string offset=1167
.Linfo_string79:
	.asciz	"USBD_HandleTypeDef"            @ string offset=1187
.Linfo_string80:
	.asciz	"MX_USB_DEVICE_Init"            @ string offset=1206
	.ident	"Component: Arm Compiler for Embedded 6.21 Tool: armclang [5ec1fd00]"
	.section	".note.GNU-stack","",%progbits
	.eabi_attribute	30, 6	@ Tag_ABI_optimization_goals
	.ARM_attribute	16, 1	@ Tag_AV_eba
	.section	.debug_line,"",%progbits
.Lline_table_start0:
